Archive member included to satisfy reference by file (symbol)

c:/programdata/matlab/supportpackages/r2023b/3p.instrset/gnuarm-armcortex.instrset/win/bin/../lib/gcc/arm-none-eabi/11.3.1/thumb/v7e-m+fp/hard\libgcc.a(_arm_addsubdf3.o)
                              vcu_v8_stm32f4.o (__aeabi_dsub)
c:/programdata/matlab/supportpackages/r2023b/3p.instrset/gnuarm-armcortex.instrset/win/bin/../lib/gcc/arm-none-eabi/11.3.1/thumb/v7e-m+fp/hard\libgcc.a(_arm_cmpdf2.o)
                              vcu_v8_stm32f4.o (__aeabi_dcmpeq)
c:/programdata/matlab/supportpackages/r2023b/3p.instrset/gnuarm-armcortex.instrset/win/bin/../lib/gcc/arm-none-eabi/11.3.1/thumb/v7e-m+fp/hard\libgcc.a(_aeabi_uldivmod.o)
                              stm32f4xx_hal_rcc.o (__aeabi_uldivmod)
c:/programdata/matlab/supportpackages/r2023b/3p.instrset/gnuarm-armcortex.instrset/win/bin/../lib/gcc/arm-none-eabi/11.3.1/thumb/v7e-m+fp/hard\libgcc.a(_udivmoddi4.o)
                              c:/programdata/matlab/supportpackages/r2023b/3p.instrset/gnuarm-armcortex.instrset/win/bin/../lib/gcc/arm-none-eabi/11.3.1/thumb/v7e-m+fp/hard\libgcc.a(_aeabi_uldivmod.o) (__udivmoddi4)
c:/programdata/matlab/supportpackages/r2023b/3p.instrset/gnuarm-armcortex.instrset/win/bin/../lib/gcc/arm-none-eabi/11.3.1/thumb/v7e-m+fp/hard\libgcc.a(_dvmd_tls.o)
                              c:/programdata/matlab/supportpackages/r2023b/3p.instrset/gnuarm-armcortex.instrset/win/bin/../lib/gcc/arm-none-eabi/11.3.1/thumb/v7e-m+fp/hard\libgcc.a(_aeabi_uldivmod.o) (__aeabi_ldiv0)
c:/programdata/matlab/supportpackages/r2023b/3p.instrset/gnuarm-armcortex.instrset/win/bin/../lib/gcc/arm-none-eabi/11.3.1/thumb/v7e-m+fp/hard\libc_nano.a(libc_a-exit.o)
                              c:/programdata/matlab/supportpackages/r2023b/3p.instrset/gnuarm-armcortex.instrset/win/bin/../lib/gcc/arm-none-eabi/11.3.1/thumb/v7e-m+fp/hard/crt0.o (exit)
c:/programdata/matlab/supportpackages/r2023b/3p.instrset/gnuarm-armcortex.instrset/win/bin/../lib/gcc/arm-none-eabi/11.3.1/thumb/v7e-m+fp/hard\libc_nano.a(libc_a-findfp.o)
                              tasks.o (__sf)
c:/programdata/matlab/supportpackages/r2023b/3p.instrset/gnuarm-armcortex.instrset/win/bin/../lib/gcc/arm-none-eabi/11.3.1/thumb/v7e-m+fp/hard\libc_nano.a(libc_a-fwalk.o)
                              c:/programdata/matlab/supportpackages/r2023b/3p.instrset/gnuarm-armcortex.instrset/win/bin/../lib/gcc/arm-none-eabi/11.3.1/thumb/v7e-m+fp/hard\libc_nano.a(libc_a-findfp.o) (_fwalk_sglue)
c:/programdata/matlab/supportpackages/r2023b/3p.instrset/gnuarm-armcortex.instrset/win/bin/../lib/gcc/arm-none-eabi/11.3.1/thumb/v7e-m+fp/hard\libc_nano.a(libc_a-stdio.o)
                              c:/programdata/matlab/supportpackages/r2023b/3p.instrset/gnuarm-armcortex.instrset/win/bin/../lib/gcc/arm-none-eabi/11.3.1/thumb/v7e-m+fp/hard\libc_nano.a(libc_a-findfp.o) (__sread)
c:/programdata/matlab/supportpackages/r2023b/3p.instrset/gnuarm-armcortex.instrset/win/bin/../lib/gcc/arm-none-eabi/11.3.1/thumb/v7e-m+fp/hard\libc_nano.a(libc_a-memset.o)
                              c:/programdata/matlab/supportpackages/r2023b/3p.instrset/gnuarm-armcortex.instrset/win/bin/../lib/gcc/arm-none-eabi/11.3.1/thumb/v7e-m+fp/hard/crt0.o (memset)
c:/programdata/matlab/supportpackages/r2023b/3p.instrset/gnuarm-armcortex.instrset/win/bin/../lib/gcc/arm-none-eabi/11.3.1/thumb/v7e-m+fp/hard\libc_nano.a(libc_a-closer.o)
                              c:/programdata/matlab/supportpackages/r2023b/3p.instrset/gnuarm-armcortex.instrset/win/bin/../lib/gcc/arm-none-eabi/11.3.1/thumb/v7e-m+fp/hard\libc_nano.a(libc_a-stdio.o) (_close_r)
c:/programdata/matlab/supportpackages/r2023b/3p.instrset/gnuarm-armcortex.instrset/win/bin/../lib/gcc/arm-none-eabi/11.3.1/thumb/v7e-m+fp/hard\libc_nano.a(libc_a-reent.o)
                              tasks.o (_reclaim_reent)
c:/programdata/matlab/supportpackages/r2023b/3p.instrset/gnuarm-armcortex.instrset/win/bin/../lib/gcc/arm-none-eabi/11.3.1/thumb/v7e-m+fp/hard\libc_nano.a(libc_a-impure.o)
                              tasks.o (_impure_ptr)
c:/programdata/matlab/supportpackages/r2023b/3p.instrset/gnuarm-armcortex.instrset/win/bin/../lib/gcc/arm-none-eabi/11.3.1/thumb/v7e-m+fp/hard\libc_nano.a(libc_a-lseekr.o)
                              c:/programdata/matlab/supportpackages/r2023b/3p.instrset/gnuarm-armcortex.instrset/win/bin/../lib/gcc/arm-none-eabi/11.3.1/thumb/v7e-m+fp/hard\libc_nano.a(libc_a-stdio.o) (_lseek_r)
c:/programdata/matlab/supportpackages/r2023b/3p.instrset/gnuarm-armcortex.instrset/win/bin/../lib/gcc/arm-none-eabi/11.3.1/thumb/v7e-m+fp/hard\libc_nano.a(libc_a-readr.o)
                              c:/programdata/matlab/supportpackages/r2023b/3p.instrset/gnuarm-armcortex.instrset/win/bin/../lib/gcc/arm-none-eabi/11.3.1/thumb/v7e-m+fp/hard\libc_nano.a(libc_a-stdio.o) (_read_r)
[...]
Memory Configuration

Name             Origin             Length             Attributes
CCMRAM           0x10000000         0x00010000         xrw
RAM              0x20000000         0x00020000         xrw
FLASH            0x08000000         0x00080000         xr
*default*        0x00000000         0xffffffff

Linker script and memory map

LOAD c:/programdata/matlab/supportpackages/r2023b/3p.instrset/gnuarm-armcortex.instrset/win/bin/../lib/gcc/arm-none-eabi/11.3.1/thumb/v7e-m+fp/hard/crti.o
LOAD c:/programdata/matlab/supportpackages/r2023b/3p.instrset/gnuarm-armcortex.instrset/win/bin/../lib/gcc/arm-none-eabi/11.3.1/thumb/v7e-m+fp/hard/crtbegin.o
LOAD c:/programdata/matlab/supportpackages/r2023b/3p.instrset/gnuarm-armcortex.instrset/win/bin/../lib/gcc/arm-none-eabi/11.3.1/thumb/v7e-m+fp/hard/crt0.o
LOAD ert_main.o
LOAD vcu_v8_stm32f4.o
LOAD vcu_v8_stm32f4_data.o
LOAD overrideHALDelay.o
LOAD platform_timer.o
LOAD mw_freertos_init.o
LOAD mw_thread.o
LOAD mw_timer.o
LOAD mw_semaphore.o
LOAD main.o
LOAD freertos.o
LOAD stm32f4xx_it.o
LOAD stm32f4xx_hal_msp.o
LOAD stm32f4xx_hal_timebase_tim.o
LOAD stm32f4xx_ll_gpio.o
LOAD stm32f4xx_hal_adc.o
LOAD stm32f4xx_hal_adc_ex.o
LOAD stm32f4xx_ll_adc.o
LOAD stm32f4xx_hal_rcc.o
LOAD stm32f4xx_hal_rcc_ex.o
LOAD stm32f4xx_hal_flash.o
LOAD stm32f4xx_hal_flash_ex.o
LOAD stm32f4xx_hal_flash_ramfunc.o
LOAD stm32f4xx_hal_gpio.o
LOAD stm32f4xx_hal_dma_ex.o
LOAD stm32f4xx_hal_dma.o
LOAD stm32f4xx_hal_pwr.o
LOAD stm32f4xx_hal_pwr_ex.o
LOAD stm32f4xx_hal_cortex.o
LOAD stm32f4xx_hal.o
LOAD stm32f4xx_hal_exti.o
LOAD stm32f4xx_ll_rcc.o
LOAD stm32f4xx_ll_utils.o
LOAD stm32f4xx_ll_exti.o
LOAD stm32f4xx_hal_can.o
LOAD stm32f4xx_hal_tim.o
LOAD stm32f4xx_hal_tim_ex.o
LOAD stm32f4xx_hal_pcd.o
LOAD stm32f4xx_hal_pcd_ex.o
LOAD stm32f4xx_ll_usb.o
LOAD croutine.o
LOAD event_groups.o
LOAD list.o
LOAD queue.o
LOAD stream_buffer.o
LOAD tasks.o
LOAD timers.o
LOAD cmsis_os2.o
LOAD heap_4.o
LOAD port.o
LOAD system_stm32f4xx.o
LOAD syscalls.o
LOAD sysmem.o
LOAD startup_stm32f407vetx.o
LOAD C:/ProgramData/MATLAB/SupportPackages/R2023b/3P.instrset/cmsis_dsp.instrset/Lib/GCC/arm_cortexm4ldfsp_math/libCMSISDSP.a
LOAD C:/ProgramData/MATLAB/SupportPackages/R2023b/toolbox/shared/supportpackages/stm32/lib/GCC/libmw_pdmfilter_m4_spfp.lib
LOAD c:/programdata/matlab/supportpackages/r2023b/3p.instrset/gnuarm-armcortex.instrset/win/bin/../lib/gcc/arm-none-eabi/11.3.1/thumb/v7e-m+fp/hard\libstdc++_nano.a
LOAD c:/programdata/matlab/supportpackages/r2023b/3p.instrset/gnuarm-armcortex.instrset/win/bin/../lib/gcc/arm-none-eabi/11.3.1/thumb/v7e-m+fp/hard\libm.a
START GROUP
LOAD c:/programdata/matlab/supportpackages/r2023b/3p.instrset/gnuarm-armcortex.instrset/win/bin/../lib/gcc/arm-none-eabi/11.3.1/thumb/v7e-m+fp/hard\libgcc.a
LOAD c:/programdata/matlab/supportpackages/r2023b/3p.instrset/gnuarm-armcortex.instrset/win/bin/../lib/gcc/arm-none-eabi/11.3.1/thumb/v7e-m+fp/hard\libc_nano.a
END GROUP
START GROUP
LOAD c:/programdata/matlab/supportpackages/r2023b/3p.instrset/gnuarm-armcortex.instrset/win/bin/../lib/gcc/arm-none-eabi/11.3.1/thumb/v7e-m+fp/hard\libgcc.a
LOAD c:/programdata/matlab/supportpackages/r2023b/3p.instrset/gnuarm-armcortex.instrset/win/bin/../lib/gcc/arm-none-eabi/11.3.1/thumb/v7e-m+fp/hard\libc_nano.a
LOAD c:/programdata/matlab/supportpackages/r2023b/3p.instrset/gnuarm-armcortex.instrset/win/bin/../lib/gcc/arm-none-eabi/11.3.1/thumb/v7e-m+fp/hard\libnosys.a
END GROUP
START GROUP
LOAD c:/programdata/matlab/supportpackages/r2023b/3p.instrset/gnuarm-armcortex.instrset/win/bin/../lib/gcc/arm-none-eabi/11.3.1/thumb/v7e-m+fp/hard\libgcc.a
LOAD c:/programdata/matlab/supportpackages/r2023b/3p.instrset/gnuarm-armcortex.instrset/win/bin/../lib/gcc/arm-none-eabi/11.3.1/thumb/v7e-m+fp/hard\libc_nano.a
LOAD c:/programdata/matlab/supportpackages/r2023b/3p.instrset/gnuarm-armcortex.instrset/win/bin/../lib/gcc/arm-none-eabi/11.3.1/thumb/v7e-m+fp/hard\libnosys.a
END GROUP
LOAD c:/programdata/matlab/supportpackages/r2023b/3p.instrset/gnuarm-armcortex.instrset/win/bin/../lib/gcc/arm-none-eabi/11.3.1/thumb/v7e-m+fp/hard/crtend.o
LOAD c:/programdata/matlab/supportpackages/r2023b/3p.instrset/gnuarm-armcortex.instrset/win/bin/../lib/gcc/arm-none-eabi/11.3.1/thumb/v7e-m+fp/hard/crtn.o
                0x20020000                _estack = (ORIGIN (RAM) + LENGTH (RAM))
                0x00000200                _Min_Heap_Size = 0x200
                0x00000400                _Min_Stack_Size = 0x400

.isr_vector     0x08000000      0x188
                0x08000000                . = ALIGN (0x4)
 *(.isr_vector)
 .isr_vector    0x08000000      0x188 startup_stm32f407vetx.o
                0x08000000                g_pfnVectors
                0x08000188                . = ALIGN (0x4)

.text           0x08000190     0x8444
                0x08000190                . = ALIGN (0x4)
 *(.text)
 .text          0x08000190      0x378 c:/programdata/matlab/supportpackages/r2023b/3p.instrset/gnuarm-armcortex.instrset/win/bin/../lib/gcc/arm-none-eabi/11.3.1/thumb/v7e-m+fp/hard\libgcc.a(_arm_addsubdf3.o)
                0x08000190                __aeabi_drsub
                0x08000198                __aeabi_dsub
                0x08000198                __subdf3
                0x0800019c                __aeabi_dadd
                0x0800019c                __adddf3
                0x08000414                __floatunsidf
                0x08000414                __aeabi_ui2d
                0x08000434                __floatsidf
                0x08000434                __aeabi_i2d
                0x08000458                __aeabi_f2d
                0x08000458                __extendsfdf2
                0x0800049c                __floatundidf
                0x0800049c                __aeabi_ul2d
                0x080004ac                __floatdidf
                0x080004ac                __aeabi_l2d
 .text          0x08000508      0x110 c:/programdata/matlab/supportpackages/r2023b/3p.instrset/gnuarm-armcortex.instrset/win/bin/../lib/gcc/arm-none-eabi/11.3.1/thumb/v7e-m+fp/hard\libgcc.a(_arm_cmpdf2.o)
                0x08000508                __gtdf2
                0x08000508                __gedf2
                0x08000510                __ltdf2
                0x08000510                __ledf2
                0x08000518                __nedf2
                0x08000518                __eqdf2
                0x08000518                __cmpdf2
                0x08000594                __aeabi_cdrcmple
                0x080005a4                __aeabi_cdcmpeq
                0x080005a4                __aeabi_cdcmple
                0x080005b4                __aeabi_dcmpeq
                0x080005c8                __aeabi_dcmplt
                0x080005dc                __aeabi_dcmple
                0x080005f0                __aeabi_dcmpge
                0x08000604                __aeabi_dcmpgt
 .text          0x08000618       0x30 c:/programdata/matlab/supportpackages/r2023b/3p.instrset/gnuarm-armcortex.instrset/win/bin/../lib/gcc/arm-none-eabi/11.3.1/thumb/v7e-m+fp/hard\libgcc.a(_aeabi_uldivmod.o)
                0x08000618                __aeabi_uldivmod
 .text          0x08000648        0x4 c:/programdata/matlab/supportpackages/r2023b/3p.instrset/gnuarm-armcortex.instrset/win/bin/../lib/gcc/arm-none-eabi/11.3.1/thumb/v7e-m+fp/hard\libgcc.a(_dvmd_tls.o)
                0x08000648                __aeabi_idiv0
                0x08000648                __aeabi_ldiv0
 *(.text*)
 .text.deregister_tm_clones
                0x0800064c       0x1c c:/programdata/matlab/supportpackages/r2023b/3p.instrset/gnuarm-armcortex.instrset/win/bin/../lib/gcc/arm-none-eabi/11.3.1/thumb/v7e-m+fp/hard/crtbegin.o
 .text.register_tm_clones
                0x08000668       0x24 c:/programdata/matlab/supportpackages/r2023b/3p.instrset/gnuarm-armcortex.instrset/win/bin/../lib/gcc/arm-none-eabi/11.3.1/thumb/v7e-m+fp/hard/crtbegin.o
 .text.__do_global_dtors_aux
                0x0800068c       0x28 c:/programdata/matlab/supportpackages/r2023b/3p.instrset/gnuarm-armcortex.instrset/win/bin/../lib/gcc/arm-none-eabi/11.3.1/thumb/v7e-m+fp/hard/crtbegin.o
 .text.frame_dummy
                0x080006b4       0x24 c:/programdata/matlab/supportpackages/r2023b/3p.instrset/gnuarm-armcortex.instrset/win/bin/../lib/gcc/arm-none-eabi/11.3.1/thumb/v7e-m+fp/hard/crtbegin.o
 .text.subrateTask
                0x080006d8       0x74 ert_main.o
                0x080006d8                subrateTask
 .text.baseRateTask
                0x0800074c       0xa8 ert_main.o
                0x0800074c                baseRateTask
 .text.terminateTask
                0x080007f4       0xf8 ert_main.o
                0x080007f4                terminateTask
 .text.main     0x080008ec       0x68 ert_main.o
                0x080008ec                main
 .text.LL_GPIO_SetOutputPin
                0x08000954       0x1c vcu_v8_stm32f4.o
 .text.LL_GPIO_ResetOutputPin
                0x08000970       0x1e vcu_v8_stm32f4.o
 *fill*         0x0800098e        0x2 
 .text.rate_monotonic_scheduler
                0x08000990       0x44 vcu_v8_stm32f4.o
 .text.vcu_v8_stm32f4_step0
                0x080009d4       0xdc vcu_v8_stm32f4.o
                0x080009d4                vcu_v8_stm32f4_step0
 .text.vcu_v8_stm32f4_step1
                0x08000ab0       0xd8 vcu_v8_stm32f4.o
                0x08000ab0                vcu_v8_stm32f4_step1
 .text.vcu_v8_stm32f4_step2
                0x08000b88       0xd8 vcu_v8_stm32f4.o
                0x08000b88                vcu_v8_stm32f4_step2
 .text.vcu_v8_stm32f4_initialize
                0x08000c60        0xe vcu_v8_stm32f4.o
                0x08000c60                vcu_v8_stm32f4_initialize
 .text.vcu_v8_stm32f4_terminate
                0x08000c6e        0xe vcu_v8_stm32f4.o
                0x08000c6e                vcu_v8_stm32f4_terminate
 .text.HAL_Delay
                0x08000c7c       0x2e overrideHALDelay.o
                0x08000c7c                HAL_Delay
 *fill*         0x08000caa        0x2 
 .text.PeriphCommonClock_Config
                0x08000cac       0x10 platform_timer.o
                0x08000cac                PeriphCommonClock_Config
 .text.schedulerTask
                0x08000cbc       0x1c mw_freertos_init.o
                0x08000cbc                schedulerTask
 .text.baseRateTaskWrapper
                0x08000cd8       0x16 mw_freertos_init.o
                0x08000cd8                baseRateTaskWrapper
 .text.subrateTaskWrapper
                0x08000cee       0x16 mw_freertos_init.o
                0x08000cee                subrateTaskWrapper
 .text.mw_RTOSInit
                0x08000d04      0x270 mw_freertos_init.o
                0x08000d04                mw_RTOSInit
 .text.mw_osThreadCreate
                0x08000f74       0x66 mw_thread.o
                0x08000f74                mw_osThreadCreate
 .text.mw_osThreadExit
                0x08000fda       0x16 mw_thread.o
                0x08000fda                mw_osThreadExit
 .text.mw_osThreadJoin
                0x08000ff0       0x24 mw_thread.o
                0x08000ff0                mw_osThreadJoin
 .text.mw_osTimerCreate
                0x08001014       0x42 mw_timer.o
                0x08001014                mw_osTimerCreate
 .text.mw_osTimerStart
                0x08001056       0x48 mw_timer.o
                0x08001056                mw_osTimerStart
 .text.mw_osSemaphoreCreate
                0x0800109e       0x2e mw_semaphore.o
                0x0800109e                mw_osSemaphoreCreate
 .text.mw_osSemaphoreWaitEver
                0x080010cc       0x3c mw_semaphore.o
                0x080010cc                mw_osSemaphoreWaitEver
 .text.mw_osSemaphoreRelease
                0x08001108       0x3c mw_semaphore.o
                0x08001108                mw_osSemaphoreRelease
 .text.mw_osSemaphoreDelete
                0x08001144       0x26 mw_semaphore.o
                0x08001144                mw_osSemaphoreDelete
 .text.LL_GPIO_ResetOutputPin
                0x0800116a       0x1e main.o
 .text.LL_AHB1_GRP1_EnableClock
                0x08001188       0x30 main.o
 .text.SystemClock_Config
                0x080011b8       0xd4 main.o
                0x080011b8                SystemClock_Config
 .text.MX_ADC3_Init
                0x0800128c       0xa4 main.o
                0x0800128c                MX_ADC3_Init
 .text.MX_CAN1_Init
                0x08001330       0x6c main.o
                0x08001330                MX_CAN1_Init
 .text.MX_CAN2_Init
                0x0800139c       0x68 main.o
                0x0800139c                MX_CAN2_Init
 .text.MX_USB_OTG_FS_PCD_Init
                0x08001404       0x5c main.o
                0x08001404                MX_USB_OTG_FS_PCD_Init
 .text.MX_GPIO_Init
                0x08001460       0xc0 main.o
                0x08001460                MX_GPIO_Init
 .text.HAL_TIM_PeriodElapsedCallback
                0x08001520       0x24 main.o
                0x08001520                HAL_TIM_PeriodElapsedCallback
 .text.Error_Handler
                0x08001544        0xa main.o
                0x08001544                Error_Handler
 .text.NMI_Handler
                0x0800154e        0x6 stm32f4xx_it.o
                0x0800154e                NMI_Handler
 .text.HardFault_Handler
                0x08001554        0x6 stm32f4xx_it.o
                0x08001554                HardFault_Handler
 .text.MemManage_Handler
                0x0800155a        0x6 stm32f4xx_it.o
                0x0800155a                MemManage_Handler
 .text.BusFault_Handler
                0x08001560        0x6 stm32f4xx_it.o
                0x08001560                BusFault_Handler
 .text.UsageFault_Handler
                0x08001566        0x6 stm32f4xx_it.o
                0x08001566                UsageFault_Handler
 .text.DebugMon_Handler
                0x0800156c        0xe stm32f4xx_it.o
                0x0800156c                DebugMon_Handler
 *fill*         0x0800157a        0x2 
 .text.TIM8_TRG_COM_TIM14_IRQHandler
                0x0800157c       0x14 stm32f4xx_it.o
                0x0800157c                TIM8_TRG_COM_TIM14_IRQHandler
 .text.OTG_FS_IRQHandler
                0x08001590       0x14 stm32f4xx_it.o
                0x08001590                OTG_FS_IRQHandler
 .text.HAL_MspInit
                0x080015a4       0x58 stm32f4xx_hal_msp.o
                0x080015a4                HAL_MspInit
 .text.HAL_ADC_MspInit
                0x080015fc       0x88 stm32f4xx_hal_msp.o
                0x080015fc                HAL_ADC_MspInit
 .text.HAL_CAN_MspInit
                0x08001684      0x140 stm32f4xx_hal_msp.o
                0x08001684                HAL_CAN_MspInit
 .text.HAL_PCD_MspInit
                0x080017c4       0xa8 stm32f4xx_hal_msp.o
                0x080017c4                HAL_PCD_MspInit
 .text.HAL_InitTick
                0x0800186c       0xb4 stm32f4xx_hal_timebase_tim.o
                0x0800186c                HAL_InitTick
 .text.LL_GPIO_SetPinMode
                0x08001920       0x7a stm32f4xx_ll_gpio.o
 .text.LL_GPIO_SetPinOutputType
                0x0800199a       0x30 stm32f4xx_ll_gpio.o
 .text.LL_GPIO_SetPinSpeed
                0x080019ca       0x7a stm32f4xx_ll_gpio.o
 .text.LL_GPIO_SetPinPull
                0x08001a44       0x7a stm32f4xx_ll_gpio.o
 .text.LL_GPIO_SetAFPin_0_7
                0x08001abe       0x7a stm32f4xx_ll_gpio.o
 .text.LL_GPIO_SetAFPin_8_15
                0x08001b38       0x7e stm32f4xx_ll_gpio.o
 .text.LL_GPIO_Init
                0x08001bb6      0x102 stm32f4xx_ll_gpio.o
                0x08001bb6                LL_GPIO_Init
 .text.HAL_ADC_Init
                0x08001cb8       0x86 stm32f4xx_hal_adc.o
                0x08001cb8                HAL_ADC_Init
 *fill*         0x08001d3e        0x2 
 .text.HAL_ADC_ConfigChannel
                0x08001d40      0x244 stm32f4xx_hal_adc.o
                0x08001d40                HAL_ADC_ConfigChannel
 .text.ADC_Init
                0x08001f84      0x1f8 stm32f4xx_hal_adc.o
 .text.HAL_RCC_OscConfig
                0x0800217c      0x4f0 stm32f4xx_hal_rcc.o
                0x0800217c                HAL_RCC_OscConfig
 .text.HAL_RCC_ClockConfig
                0x0800266c      0x1cc stm32f4xx_hal_rcc.o
                0x0800266c                HAL_RCC_ClockConfig
 .text.HAL_RCC_GetSysClockFreq
                0x08002838      0x18c stm32f4xx_hal_rcc.o
                0x08002838                HAL_RCC_GetSysClockFreq
 .text.HAL_RCC_GetHCLKFreq
                0x080029c4       0x18 stm32f4xx_hal_rcc.o
                0x080029c4                HAL_RCC_GetHCLKFreq
 .text.HAL_RCC_GetPCLK1Freq
                0x080029dc       0x28 stm32f4xx_hal_rcc.o
                0x080029dc                HAL_RCC_GetPCLK1Freq
 .text.HAL_RCC_GetClockConfig
                0x08002a04       0x64 stm32f4xx_hal_rcc.o
                0x08002a04                HAL_RCC_GetClockConfig
 .text.HAL_GPIO_Init
                0x08002a68      0x338 stm32f4xx_hal_gpio.o
                0x08002a68                HAL_GPIO_Init
 .text.__NVIC_SetPriorityGrouping
                0x08002da0       0x48 stm32f4xx_hal_cortex.o
 .text.__NVIC_GetPriorityGrouping
                0x08002de8       0x1c stm32f4xx_hal_cortex.o
 .text.__NVIC_EnableIRQ
                0x08002e04       0x3c stm32f4xx_hal_cortex.o
 .text.__NVIC_SetPriority
                0x08002e40       0x54 stm32f4xx_hal_cortex.o
 .text.NVIC_EncodePriority
                0x08002e94       0x66 stm32f4xx_hal_cortex.o
 .text.HAL_NVIC_SetPriorityGrouping
                0x08002efa       0x16 stm32f4xx_hal_cortex.o
                0x08002efa                HAL_NVIC_SetPriorityGrouping
 .text.HAL_NVIC_SetPriority
                0x08002f10       0x38 stm32f4xx_hal_cortex.o
                0x08002f10                HAL_NVIC_SetPriority
 .text.HAL_NVIC_EnableIRQ
                0x08002f48       0x1c stm32f4xx_hal_cortex.o
                0x08002f48                HAL_NVIC_EnableIRQ
 .text.HAL_Init
                0x08002f64       0x44 stm32f4xx_hal.o
                0x08002f64                HAL_Init
 .text.HAL_IncTick
                0x08002fa8       0x28 stm32f4xx_hal.o
                0x08002fa8                HAL_IncTick
 .text.HAL_GetTick
                0x08002fd0       0x18 stm32f4xx_hal.o
                0x08002fd0                HAL_GetTick
 .text.HAL_CAN_Init
                0x08002fe8      0x1f6 stm32f4xx_hal_can.o
                0x08002fe8                HAL_CAN_Init
 .text.HAL_TIM_Base_Init
                0x080031de       0x9e stm32f4xx_hal_tim.o
                0x080031de                HAL_TIM_Base_Init
 .text.HAL_TIM_Base_MspInit
                0x0800327c       0x14 stm32f4xx_hal_tim.o
                0x0800327c                HAL_TIM_Base_MspInit
 .text.HAL_TIM_Base_Start_IT
                0x08003290       0xe0 stm32f4xx_hal_tim.o
                0x08003290                HAL_TIM_Base_Start_IT
 .text.HAL_TIM_IRQHandler
                0x08003370      0x210 stm32f4xx_hal_tim.o
                0x08003370                HAL_TIM_IRQHandler
 .text.HAL_TIM_OC_DelayElapsedCallback
                0x08003580       0x14 stm32f4xx_hal_tim.o
                0x08003580                HAL_TIM_OC_DelayElapsedCallback
 .text.HAL_TIM_IC_CaptureCallback
                0x08003594       0x14 stm32f4xx_hal_tim.o
                0x08003594                HAL_TIM_IC_CaptureCallback
 .text.HAL_TIM_PWM_PulseFinishedCallback
                0x080035a8       0x14 stm32f4xx_hal_tim.o
                0x080035a8                HAL_TIM_PWM_PulseFinishedCallback
 .text.HAL_TIM_TriggerCallback
                0x080035bc       0x14 stm32f4xx_hal_tim.o
                0x080035bc                HAL_TIM_TriggerCallback
 .text.TIM_Base_SetConfig
                0x080035d0      0x140 stm32f4xx_hal_tim.o
                0x080035d0                TIM_Base_SetConfig
 .text.HAL_TIMEx_CommutCallback
                0x08003710       0x14 stm32f4xx_hal_tim_ex.o
                0x08003710                HAL_TIMEx_CommutCallback
 .text.HAL_TIMEx_BreakCallback
                0x08003724       0x14 stm32f4xx_hal_tim_ex.o
                0x08003724                HAL_TIMEx_BreakCallback
 .text.HAL_PCD_Init
                0x08003738      0x23a stm32f4xx_hal_pcd.o
                0x08003738                HAL_PCD_Init
 .text.HAL_PCD_IRQHandler
                0x08003972      0x764 stm32f4xx_hal_pcd.o
                0x08003972                HAL_PCD_IRQHandler
 .text.HAL_PCD_DataOutStageCallback
                0x080040d6       0x18 stm32f4xx_hal_pcd.o
                0x080040d6                HAL_PCD_DataOutStageCallback
 .text.HAL_PCD_DataInStageCallback
                0x080040ee       0x18 stm32f4xx_hal_pcd.o
                0x080040ee                HAL_PCD_DataInStageCallback
 .text.HAL_PCD_SetupStageCallback
                0x08004106       0x14 stm32f4xx_hal_pcd.o
                0x08004106                HAL_PCD_SetupStageCallback
 .text.HAL_PCD_SOFCallback
                0x0800411a       0x14 stm32f4xx_hal_pcd.o
                0x0800411a                HAL_PCD_SOFCallback
 .text.HAL_PCD_ResetCallback
                0x0800412e       0x14 stm32f4xx_hal_pcd.o
                0x0800412e                HAL_PCD_ResetCallback
 .text.HAL_PCD_SuspendCallback
                0x08004142       0x14 stm32f4xx_hal_pcd.o
                0x08004142                HAL_PCD_SuspendCallback
 .text.HAL_PCD_ResumeCallback
                0x08004156       0x14 stm32f4xx_hal_pcd.o
                0x08004156                HAL_PCD_ResumeCallback
 .text.HAL_PCD_ISOOUTIncompleteCallback
                0x0800416a       0x18 stm32f4xx_hal_pcd.o
                0x0800416a                HAL_PCD_ISOOUTIncompleteCallback
 .text.HAL_PCD_ISOINIncompleteCallback
                0x08004182       0x18 stm32f4xx_hal_pcd.o
                0x08004182                HAL_PCD_ISOINIncompleteCallback
 .text.HAL_PCD_ConnectCallback
                0x0800419a       0x14 stm32f4xx_hal_pcd.o
                0x0800419a                HAL_PCD_ConnectCallback
 .text.HAL_PCD_DisconnectCallback
                0x080041ae       0x14 stm32f4xx_hal_pcd.o
                0x080041ae                HAL_PCD_DisconnectCallback
 .text.PCD_WriteEmptyTxFifo
                0x080041c2      0x11a stm32f4xx_hal_pcd.o
 .text.PCD_EP_OutXfrComplete_int
                0x080042dc      0x218 stm32f4xx_hal_pcd.o
 .text.PCD_EP_OutSetupPacket_int
                0x080044f4       0x8c stm32f4xx_hal_pcd.o
 .text.HAL_PCDEx_LPM_Callback
                0x08004580       0x18 stm32f4xx_hal_pcd_ex.o
                0x08004580                HAL_PCDEx_LPM_Callback
 .text.USB_CoreInit
                0x08004598       0xc2 stm32f4xx_ll_usb.o
                0x08004598                USB_CoreInit
 *fill*         0x0800465a        0x2 
 .text.USB_SetTurnaroundTime
                0x0800465c      0x144 stm32f4xx_ll_usb.o
                0x0800465c                USB_SetTurnaroundTime
 .text.USB_DisableGlobalInt
                0x080047a0       0x22 stm32f4xx_ll_usb.o
                0x080047a0                USB_DisableGlobalInt
 .text.USB_SetCurrentMode
                0x080047c2       0x98 stm32f4xx_ll_usb.o
                0x080047c2                USB_SetCurrentMode
 *fill*         0x0800485a        0x2 
 .text.USB_DevInit
                0x0800485c      0x2c8 stm32f4xx_ll_usb.o
                0x0800485c                USB_DevInit
 .text.USB_FlushTxFifo
                0x08004b24       0x48 stm32f4xx_ll_usb.o
                0x08004b24                USB_FlushTxFifo
 .text.USB_FlushRxFifo
                0x08004b6c       0x40 stm32f4xx_ll_usb.o
                0x08004b6c                USB_FlushRxFifo
 .text.USB_SetDevSpeed
                0x08004bac       0x32 stm32f4xx_ll_usb.o
                0x08004bac                USB_SetDevSpeed
 .text.USB_GetDevSpeed
                0x08004bde       0x4a stm32f4xx_ll_usb.o
                0x08004bde                USB_GetDevSpeed
 .text.USB_WritePacket
                0x08004c28       0x7c stm32f4xx_ll_usb.o
                0x08004c28                USB_WritePacket
 .text.USB_ReadPacket
                0x08004ca4       0xb0 stm32f4xx_ll_usb.o
                0x08004ca4                USB_ReadPacket
 .text.USB_DevDisconnect
                0x08004d54       0x42 stm32f4xx_ll_usb.o
                0x08004d54                USB_DevDisconnect
 .text.USB_ReadInterrupts
                0x08004d96       0x26 stm32f4xx_ll_usb.o
                0x08004d96                USB_ReadInterrupts
 .text.USB_ReadDevAllOutEpInterrupt
                0x08004dbc       0x34 stm32f4xx_ll_usb.o
                0x08004dbc                USB_ReadDevAllOutEpInterrupt
 .text.USB_ReadDevAllInEpInterrupt
                0x08004df0       0x34 stm32f4xx_ll_usb.o
                0x08004df0                USB_ReadDevAllInEpInterrupt
 .text.USB_ReadDevOutEPInterrupt
                0x08004e24       0x3c stm32f4xx_ll_usb.o
                0x08004e24                USB_ReadDevOutEPInterrupt
 .text.USB_ReadDevInEPInterrupt
                0x08004e60       0x5c stm32f4xx_ll_usb.o
                0x08004e60                USB_ReadDevInEPInterrupt
 .text.USB_GetMode
                0x08004ebc       0x1c stm32f4xx_ll_usb.o
                0x08004ebc                USB_GetMode
 .text.USB_ActivateSetup
                0x08004ed8       0x46 stm32f4xx_ll_usb.o
                0x08004ed8                USB_ActivateSetup
 *fill*         0x08004f1e        0x2 
 .text.USB_EP0_OutStart
                0x08004f20       0xbc stm32f4xx_ll_usb.o
                0x08004f20                USB_EP0_OutStart
 .text.USB_CoreReset
                0x08004fdc       0x64 stm32f4xx_ll_usb.o
 .text.vListInitialise
                0x08005040       0x40 list.o
                0x08005040                vListInitialise
 .text.vListInitialiseItem
                0x08005080       0x1a list.o
                0x08005080                vListInitialiseItem
 .text.vListInsertEnd
                0x0800509a       0x48 list.o
                0x0800509a                vListInsertEnd
 .text.vListInsert
                0x080050e2       0x72 list.o
                0x080050e2                vListInsert
 .text.uxListRemove
                0x08005154       0x54 list.o
                0x08005154                uxListRemove
 .text.xQueueGenericReset
                0x080051a8       0xd0 queue.o
                0x080051a8                xQueueGenericReset
 .text.xQueueGenericCreateStatic
                0x08005278       0xf0 queue.o
                0x08005278                xQueueGenericCreateStatic
 .text.xQueueGenericCreate
                0x08005368       0x74 queue.o
                0x08005368                xQueueGenericCreate
 .text.prvInitialiseNewQueue
                0x080053dc       0x46 queue.o
 .text.xQueueCreateCountingSemaphore
                0x08005422       0x66 queue.o
                0x08005422                xQueueCreateCountingSemaphore
 .text.xQueueGenericSend
                0x08005488      0x1fc queue.o
                0x08005488                xQueueGenericSend
 .text.xQueueGenericSendFromISR
                0x08005684      0x136 queue.o
                0x08005684                xQueueGenericSendFromISR
 *fill*         0x080057ba        0x2 
 .text.xQueueReceive
                0x080057bc      0x1c0 queue.o
                0x080057bc                xQueueReceive
 .text.xQueueSemaphoreTake
                0x0800597c      0x218 queue.o
                0x0800597c                xQueueSemaphoreTake
 .text.vQueueDelete
                0x08005b94       0x46 queue.o
                0x08005b94                vQueueDelete
 .text.prvGetDisinheritPriorityAfterTimeout
                0x08005bda       0x30 queue.o
 .text.prvCopyDataToQueue
                0x08005c0a       0xd4 queue.o
 .text.prvCopyDataFromQueue
                0x08005cde       0x4c queue.o
 .text.prvUnlockQueue
                0x08005d2a       0xa4 queue.o
 .text.prvIsQueueEmpty
                0x08005dce       0x2c queue.o
 .text.prvIsQueueFull
                0x08005dfa       0x30 queue.o
 *fill*         0x08005e2a        0x2 
 .text.vQueueAddToRegistry
                0x08005e2c       0x54 queue.o
                0x08005e2c                vQueueAddToRegistry
 .text.vQueueUnregisterQueue
                0x08005e80       0x54 queue.o
                0x08005e80                vQueueUnregisterQueue
 .text.vQueueWaitForMessageRestricted
                0x08005ed4       0x68 queue.o
                0x08005ed4                vQueueWaitForMessageRestricted
 .text.xTaskCreateStatic
                0x08005f3c       0xbe tasks.o
                0x08005f3c                xTaskCreateStatic
 .text.xTaskCreate
                0x08005ffa       0x8c tasks.o
                0x08005ffa                xTaskCreate
 *fill*         0x08006086        0x2 
 .text.prvInitialiseNewTask
                0x08006088      0x1a0 tasks.o
 .text.prvAddNewTaskToReadyList
                0x08006228       0xe0 tasks.o
 .text.vTaskDelete
                0x08006308       0xe4 tasks.o
                0x08006308                vTaskDelete
 .text.vTaskStartScheduler
                0x080063ec       0xe0 tasks.o
                0x080063ec                vTaskStartScheduler
 .text.vTaskSuspendAll
                0x080064cc       0x1c tasks.o
                0x080064cc                vTaskSuspendAll
 .text.xTaskResumeAll
                0x080064e8      0x13c tasks.o
                0x080064e8                xTaskResumeAll
 .text.xTaskGetTickCount
                0x08006624       0x20 tasks.o
                0x08006624                xTaskGetTickCount
 .text.xTaskIncrementTick
                0x08006644      0x174 tasks.o
                0x08006644                xTaskIncrementTick
 .text.vTaskSwitchContext
                0x080067b8       0xc8 tasks.o
                0x080067b8                vTaskSwitchContext
 .text.vTaskPlaceOnEventList
                0x08006880       0x48 tasks.o
                0x08006880                vTaskPlaceOnEventList
 .text.vTaskPlaceOnEventListRestricted
                0x080068c8       0x58 tasks.o
                0x080068c8                vTaskPlaceOnEventListRestricted
 .text.xTaskRemoveFromEventList
                0x08006920       0xc8 tasks.o
                0x08006920                xTaskRemoveFromEventList
 .text.vTaskInternalSetTimeOutState
                0x080069e8       0x2c tasks.o
                0x080069e8                vTaskInternalSetTimeOutState
 .text.xTaskCheckForTimeOut
                0x08006a14       0xc4 tasks.o
                0x08006a14                xTaskCheckForTimeOut
 .text.vTaskMissedYield
                0x08006ad8       0x18 tasks.o
                0x08006ad8                vTaskMissedYield
 .text.prvIdleTask
                0x08006af0       0x30 tasks.o
 .text.prvInitialiseTaskLists
                0x08006b20       0x80 tasks.o
 .text.prvCheckTasksWaitingTermination
                0x08006ba0       0x5c tasks.o
 .text.prvDeleteTCB
                0x08006bfc       0x68 tasks.o
 .text.prvResetNextTaskUnblockTime
                0x08006c64       0x40 tasks.o
 .text.xTaskGetSchedulerState
                0x08006ca4       0x3c tasks.o
                0x08006ca4                xTaskGetSchedulerState
 .text.xTaskPriorityInherit
                0x08006ce0       0xd0 tasks.o
                0x08006ce0                xTaskPriorityInherit
 .text.xTaskPriorityDisinherit
                0x08006db0       0xdc tasks.o
                0x08006db0                xTaskPriorityDisinherit
 .text.vTaskPriorityDisinheritAfterTimeout
                0x08006e8c      0x104 tasks.o
                0x08006e8c                vTaskPriorityDisinheritAfterTimeout
 .text.pvTaskIncrementMutexHeldCount
                0x08006f90       0x28 tasks.o
                0x08006f90                pvTaskIncrementMutexHeldCount
 .text.prvAddCurrentTaskToDelayedList
                0x08006fb8       0xa8 tasks.o
 .text.xTimerCreateTimerTask
                0x08007060       0x90 timers.o
                0x08007060                xTimerCreateTimerTask
 .text.xTimerCreate
                0x080070f0       0x42 timers.o
                0x080070f0                xTimerCreate
 .text.prvInitialiseNewTimer
                0x08007132       0x76 timers.o
 .text.xTimerGenericCommand
                0x080071a8       0x9c timers.o
                0x080071a8                xTimerGenericCommand
 .text.prvProcessExpiredTimer
                0x08007244       0x98 timers.o
 .text.prvTimerTask
                0x080072dc       0x24 timers.o
 .text.prvProcessTimerOrBlockTask
                0x08007300       0x9c timers.o
 .text.prvGetNextExpireTime
                0x0800739c       0x48 timers.o
 .text.prvSampleTimeNow
                0x080073e4       0x40 timers.o
 .text.prvInsertTimerInActiveList
                0x08007424       0x84 timers.o
 .text.prvProcessReceivedCommands
                0x080074a8      0x1c4 timers.o
 .text.prvSwitchTimerLists
                0x0800766c       0xc8 timers.o
 .text.prvCheckForValidListAndQueue
                0x08007734       0x80 timers.o
 .text.SysTick_Handler
                0x080077b4       0x20 cmsis_os2.o
                0x080077b4                SysTick_Handler
 .text.vApplicationGetIdleTaskMemory
                0x080077d4       0x34 cmsis_os2.o
                0x080077d4                vApplicationGetIdleTaskMemory
 .text.vApplicationGetTimerTaskMemory
                0x08007808       0x34 cmsis_os2.o
                0x08007808                vApplicationGetTimerTaskMemory
 .text.pvPortMalloc
                0x0800783c      0x198 heap_4.o
                0x0800783c                pvPortMalloc
 .text.vPortFree
                0x080079d4       0xc4 heap_4.o
                0x080079d4                vPortFree
 .text.prvHeapInit
                0x08007a98       0xc4 heap_4.o
 .text.prvInsertBlockIntoFreeList
                0x08007b5c       0xb4 heap_4.o
 .text.pxPortInitialiseStack
                0x08007c10       0x68 port.o
                0x08007c10                pxPortInitialiseStack
 .text.prvTaskExitError
                0x08007c78       0x58 port.o
 .text.SVC_Handler
                0x08007cd0       0x28 port.o
                0x08007cd0                SVC_Handler
 .text.prvPortStartFirstTask
                0x08007cf8       0x28 port.o
 .text.xPortStartScheduler
                0x08007d20      0x144 port.o
                0x08007d20                xPortStartScheduler
 .text.vPortEnterCritical
                0x08007e64       0x60 port.o
                0x08007e64                vPortEnterCritical
 .text.vPortExitCritical
                0x08007ec4       0x54 port.o
                0x08007ec4                vPortExitCritical
 *fill*         0x08007f18        0x8 
 .text.PendSV_Handler
                0x08007f20       0x68 port.o
                0x08007f20                PendSV_Handler
 .text.xPortSysTickHandler
                0x08007f88       0x44 port.o
                0x08007f88                xPortSysTickHandler
 .text.vPortSetupTimerInterrupt
                0x08007fcc       0x48 port.o
                0x08007fcc                vPortSetupTimerInterrupt
 .text.vPortEnableVFP
                0x08008014       0x14 port.o
 .text.vPortValidateInterruptPriority
                0x08008028       0x80 port.o
                0x08008028                vPortValidateInterruptPriority
 .text.SystemInit
                0x080080a8       0x24 system_stm32f4xx.o
                0x080080a8                SystemInit
 .text.Reset_Handler
                0x080080cc       0x50 startup_stm32f407vetx.o
                0x080080cc                Reset_Handler
 .text.Default_Handler
                0x0800811c        0x2 startup_stm32f407vetx.o
                0x0800811c                RTC_Alarm_IRQHandler
                0x0800811c                HASH_RNG_IRQHandler
                0x0800811c                EXTI2_IRQHandler
                0x0800811c                TIM8_CC_IRQHandler
                0x0800811c                TIM1_CC_IRQHandler
                0x0800811c                DMA2_Stream5_IRQHandler
                0x0800811c                DMA1_Stream5_IRQHandler
                0x0800811c                PVD_IRQHandler
                0x0800811c                SDIO_IRQHandler
                0x0800811c                TAMP_STAMP_IRQHandler
                0x0800811c                CAN2_RX1_IRQHandler
                0x0800811c                EXTI3_IRQHandler
                0x0800811c                TIM1_UP_TIM10_IRQHandler
                0x0800811c                TIM8_UP_TIM13_IRQHandler
                0x0800811c                I2C3_ER_IRQHandler
                0x0800811c                EXTI0_IRQHandler
                0x0800811c                I2C2_EV_IRQHandler
                0x0800811c                DMA1_Stream2_IRQHandler
                0x0800811c                CAN1_RX0_IRQHandler
                0x0800811c                FPU_IRQHandler
                0x0800811c                OTG_HS_WKUP_IRQHandler
                0x0800811c                CAN2_SCE_IRQHandler
                0x0800811c                DMA2_Stream2_IRQHandler
                0x0800811c                SPI1_IRQHandler
                0x0800811c                TIM6_DAC_IRQHandler
                0x0800811c                TIM1_BRK_TIM9_IRQHandler
                0x0800811c                DCMI_IRQHandler
                0x0800811c                CAN2_RX0_IRQHandler
                0x0800811c                DMA2_Stream3_IRQHandler
                0x0800811c                USART6_IRQHandler
                0x0800811c                USART3_IRQHandler
                0x0800811c                CAN1_RX1_IRQHandler
                0x0800811c                UART5_IRQHandler
                0x0800811c                DMA2_Stream0_IRQHandler
                0x0800811c                TIM4_IRQHandler
                0x0800811c                I2C1_EV_IRQHandler
                0x0800811c                DMA1_Stream6_IRQHandler
                0x0800811c                DMA1_Stream1_IRQHandler
                0x0800811c                UART4_IRQHandler
                0x0800811c                TIM3_IRQHandler
                0x0800811c                RCC_IRQHandler
                0x0800811c                TIM8_BRK_TIM12_IRQHandler
                0x0800811c                Default_Handler
                0x0800811c                EXTI15_10_IRQHandler
                0x0800811c                ADC_IRQHandler
                0x0800811c                DMA1_Stream7_IRQHandler
                0x0800811c                TIM7_IRQHandler
                0x0800811c                CAN2_TX_IRQHandler
                0x0800811c                TIM5_IRQHandler
                0x0800811c                DMA2_Stream7_IRQHandler
                0x0800811c                I2C3_EV_IRQHandler
                0x0800811c                EXTI9_5_IRQHandler
                0x0800811c                RTC_WKUP_IRQHandler
                0x0800811c                ETH_WKUP_IRQHandler
                0x0800811c                SPI2_IRQHandler
                0x0800811c                OTG_HS_EP1_IN_IRQHandler
                0x0800811c                DMA1_Stream0_IRQHandler
                0x0800811c                CAN1_TX_IRQHandler
                0x0800811c                EXTI4_IRQHandler
                0x0800811c                FSMC_IRQHandler
                0x0800811c                ETH_IRQHandler
                0x0800811c                OTG_HS_EP1_OUT_IRQHandler
                0x0800811c                WWDG_IRQHandler
                0x0800811c                TIM2_IRQHandler
                0x0800811c                OTG_FS_WKUP_IRQHandler
                0x0800811c                TIM1_TRG_COM_TIM11_IRQHandler
                0x0800811c                OTG_HS_IRQHandler
                0x0800811c                EXTI1_IRQHandler
                0x0800811c                USART2_IRQHandler
                0x0800811c                I2C2_ER_IRQHandler
                0x0800811c                DMA2_Stream1_IRQHandler
                0x0800811c                CAN1_SCE_IRQHandler
                0x0800811c                FLASH_IRQHandler
                0x0800811c                DMA2_Stream4_IRQHandler
                0x0800811c                USART1_IRQHandler
                0x0800811c                SPI3_IRQHandler
                0x0800811c                DMA1_Stream4_IRQHandler
                0x0800811c                I2C1_ER_IRQHandler
                0x0800811c                DMA2_Stream6_IRQHandler
                0x0800811c                DMA1_Stream3_IRQHandler
 *fill*         0x0800811e        0x2 
 .text.__udivmoddi4
                0x08008120      0x2c8 c:/programdata/matlab/supportpackages/r2023b/3p.instrset/gnuarm-armcortex.instrset/win/bin/../lib/gcc/arm-none-eabi/11.3.1/thumb/v7e-m+fp/hard\libgcc.a(_udivmoddi4.o)
                0x08008120                __udivmoddi4
 .text.memset   0x080083e8       0x10 c:/programdata/matlab/supportpackages/r2023b/3p.instrset/gnuarm-armcortex.instrset/win/bin/../lib/gcc/arm-none-eabi/11.3.1/thumb/v7e-m+fp/hard\libc_nano.a(libc_a-memset.o)
                0x080083e8                memset
 .text._reclaim_reent
                0x080083f8       0xac c:/programdata/matlab/supportpackages/r2023b/3p.instrset/gnuarm-armcortex.instrset/win/bin/../lib/gcc/arm-none-eabi/11.3.1/thumb/v7e-m+fp/hard\libc_nano.a(libc_a-reent.o)
                0x080083f8                _reclaim_reent
 .text.__libc_init_array
                0x080084a4       0x48 c:/programdata/matlab/supportpackages/r2023b/3p.instrset/gnuarm-armcortex.instrset/win/bin/../lib/gcc/arm-none-eabi/11.3.1/thumb/v7e-m+fp/hard\libc_nano.a(libc_a-init.o)
                0x080084a4                __libc_init_array
 .text.__retarget_lock_acquire_recursive
                0x080084ec        0x2 c:/programdata/matlab/supportpackages/r2023b/3p.instrset/gnuarm-armcortex.instrset/win/bin/../lib/gcc/arm-none-eabi/11.3.1/thumb/v7e-m+fp/hard\libc_nano.a(libc_a-lock.o)
                0x080084ec                __retarget_lock_acquire_recursive
 .text.__retarget_lock_release_recursive
                0x080084ee        0x2 c:/programdata/matlab/supportpackages/r2023b/3p.instrset/gnuarm-armcortex.instrset/win/bin/../lib/gcc/arm-none-eabi/11.3.1/thumb/v7e-m+fp/hard\libc_nano.a(libc_a-lock.o)
                0x080084ee                __retarget_lock_release_recursive
 .text.memcpy   0x080084f0       0x1c c:/programdata/matlab/supportpackages/r2023b/3p.instrset/gnuarm-armcortex.instrset/win/bin/../lib/gcc/arm-none-eabi/11.3.1/thumb/v7e-m+fp/hard\libc_nano.a(libc_a-memcpy-stub.o)
                0x080084f0                memcpy
 .text._free_r  0x0800850c       0x98 c:/programdata/matlab/supportpackages/r2023b/3p.instrset/gnuarm-armcortex.instrset/win/bin/../lib/gcc/arm-none-eabi/11.3.1/thumb/v7e-m+fp/hard\libc_nano.a(libc_a-freer.o)
                0x0800850c                _free_r
 .text.__malloc_lock
                0x080085a4        0xc c:/programdata/matlab/supportpackages/r2023b/3p.instrset/gnuarm-armcortex.instrset/win/bin/../lib/gcc/arm-none-eabi/11.3.1/thumb/v7e-m+fp/hard\libc_nano.a(libc_a-mlock.o)
                0x080085a4                __malloc_lock
 .text.__malloc_unlock
                0x080085b0        0xc c:/programdata/matlab/supportpackages/r2023b/3p.instrset/gnuarm-armcortex.instrset/win/bin/../lib/gcc/arm-none-eabi/11.3.1/thumb/v7e-m+fp/hard\libc_nano.a(libc_a-mlock.o)
                0x080085b0                __malloc_unlock
 *(.glue_7)
 .glue_7        0x080085bc        0x0 linker stubs
 *(.glue_7t)
 .glue_7t       0x080085bc        0x0 linker stubs
 *(.eh_frame)
 .eh_frame      0x080085bc        0x0 c:/programdata/matlab/supportpackages/r2023b/3p.instrset/gnuarm-armcortex.instrset/win/bin/../lib/gcc/arm-none-eabi/11.3.1/thumb/v7e-m+fp/hard/crtbegin.o
 *(.init)
 .init          0x080085bc        0x4 c:/programdata/matlab/supportpackages/r2023b/3p.instrset/gnuarm-armcortex.instrset/win/bin/../lib/gcc/arm-none-eabi/11.3.1/thumb/v7e-m+fp/hard/crti.o
                0x080085bc                _init
 .init          0x080085c0        0x8 c:/programdata/matlab/supportpackages/r2023b/3p.instrset/gnuarm-armcortex.instrset/win/bin/../lib/gcc/arm-none-eabi/11.3.1/thumb/v7e-m+fp/hard/crtn.o
 *(.fini)
 .fini          0x080085c8        0x4 c:/programdata/matlab/supportpackages/r2023b/3p.instrset/gnuarm-armcortex.instrset/win/bin/../lib/gcc/arm-none-eabi/11.3.1/thumb/v7e-m+fp/hard/crti.o
                0x080085c8                _fini
 .fini          0x080085cc        0x8 c:/programdata/matlab/supportpackages/r2023b/3p.instrset/gnuarm-armcortex.instrset/win/bin/../lib/gcc/arm-none-eabi/11.3.1/thumb/v7e-m+fp/hard/crtn.o
                0x080085d4                . = ALIGN (0x4)
                0x080085d4                _etext = .

.vfp11_veneer   0x080085d4        0x0
 .vfp11_veneer  0x080085d4        0x0 linker stubs

.v4_bx          0x080085d4        0x0
 .v4_bx         0x080085d4        0x0 linker stubs

.iplt           0x080085d4        0x0
 .iplt          0x080085d4        0x0 c:/programdata/matlab/supportpackages/r2023b/3p.instrset/gnuarm-armcortex.instrset/win/bin/../lib/gcc/arm-none-eabi/11.3.1/thumb/v7e-m+fp/hard/crtbegin.o

.rodata         0x080085d4       0x48
                0x080085d4                . = ALIGN (0x4)
 *(.rodata)
 .rodata        0x080085d4       0x13 mw_freertos_init.o
 *fill*         0x080085e7        0x1 
 .rodata        0x080085e8        0x5 tasks.o
 *fill*         0x080085ed        0x3 
 .rodata        0x080085f0        0xd timers.o
 *(.rodata*)
 *fill*         0x080085fd        0x3 
 .rodata.vcu_v8_stm32f4_M
                0x08008600        0x4 vcu_v8_stm32f4.o
                0x08008600                vcu_v8_stm32f4_M
 .rodata.AHBPrescTable
                0x08008604       0x10 system_stm32f4xx.o
                0x08008604                AHBPrescTable
 .rodata.APBPrescTable
                0x08008614        0x8 system_stm32f4xx.o
                0x08008614                APBPrescTable
                0x0800861c                . = ALIGN (0x4)

.ARM.extab      0x0800861c        0x0
                0x0800861c                . = ALIGN (0x4)
 *(.ARM.extab* .gnu.linkonce.armextab.*)
                0x0800861c                . = ALIGN (0x4)

.ARM            0x0800861c        0x8
                0x0800861c                . = ALIGN (0x4)
                0x0800861c                __exidx_start = .
 *(.ARM.exidx*)
 .ARM.exidx.text.__udivmoddi4
                0x0800861c        0x8 c:/programdata/matlab/supportpackages/r2023b/3p.instrset/gnuarm-armcortex.instrset/win/bin/../lib/gcc/arm-none-eabi/11.3.1/thumb/v7e-m+fp/hard\libgcc.a(_udivmoddi4.o)
                0x08008624                __exidx_end = .
                0x08008624                . = ALIGN (0x4)

.rel.dyn        0x08008624        0x0
 .rel.iplt      0x08008624        0x0 c:/programdata/matlab/supportpackages/r2023b/3p.instrset/gnuarm-armcortex.instrset/win/bin/../lib/gcc/arm-none-eabi/11.3.1/thumb/v7e-m+fp/hard/crtbegin.o

.preinit_array  0x08008624        0x0
                0x08008624                . = ALIGN (0x4)
                0x08008624                PROVIDE (__preinit_array_start = .)
 *(.preinit_array*)
                0x08008624                PROVIDE (__preinit_array_end = .)
                0x08008624                . = ALIGN (0x4)

.init_array     0x08008624        0x4
                0x08008624                . = ALIGN (0x4)
                0x08008624                PROVIDE (__init_array_start = .)
 *(SORT_BY_NAME(.init_array.*))
 *(.init_array*)
 .init_array    0x08008624        0x4 c:/programdata/matlab/supportpackages/r2023b/3p.instrset/gnuarm-armcortex.instrset/win/bin/../lib/gcc/arm-none-eabi/11.3.1/thumb/v7e-m+fp/hard/crtbegin.o
                0x08008628                PROVIDE (__init_array_end = .)
                0x08008628                . = ALIGN (0x4)

.fini_array     0x08008628        0x4
                0x08008628                . = ALIGN (0x4)
                [!provide]                PROVIDE (__fini_array_start = .)
 *(SORT_BY_NAME(.fini_array.*))
 *(.fini_array*)
 .fini_array    0x08008628        0x4 c:/programdata/matlab/supportpackages/r2023b/3p.instrset/gnuarm-armcortex.instrset/win/bin/../lib/gcc/arm-none-eabi/11.3.1/thumb/v7e-m+fp/hard/crtbegin.o
                [!provide]                PROVIDE (__fini_array_end = .)
                0x0800862c                . = ALIGN (0x4)
                0x0800862c                _sidata = LOADADDR (.data)

.data           0x20000000       0xc8 load address 0x0800862c
                0x20000000                . = ALIGN (0x4)
                0x20000000                _sdata = .
 *(.data)
 *(.data*)
 .data.runModel
                0x20000000        0x1 ert_main.o
                0x20000000                runModel
 *fill*         0x20000001        0x7 
 .data.vcu_v8_stm32f4_P
                0x20000008       0x60 vcu_v8_stm32f4_data.o
                0x20000008                vcu_v8_stm32f4_P
 .data.uwTickPrio
                0x20000068        0x4 stm32f4xx_hal.o
                0x20000068                uwTickPrio
 .data.uwTickFreq
                0x2000006c        0x1 stm32f4xx_hal.o
                0x2000006c                uwTickFreq
 *fill*         0x2000006d        0x3 
 .data.uxCriticalNesting
                0x20000070        0x4 port.o
 .data.SystemCoreClock
                0x20000074        0x4 system_stm32f4xx.o
                0x20000074                SystemCoreClock
 .data._impure_data
                0x20000078       0x4c c:/programdata/matlab/supportpackages/r2023b/3p.instrset/gnuarm-armcortex.instrset/win/bin/../lib/gcc/arm-none-eabi/11.3.1/thumb/v7e-m+fp/hard\libc_nano.a(libc_a-impure.o)
                0x20000078                _impure_data
 .data._impure_ptr
                0x200000c4        0x4 c:/programdata/matlab/supportpackages/r2023b/3p.instrset/gnuarm-armcortex.instrset/win/bin/../lib/gcc/arm-none-eabi/11.3.1/thumb/v7e-m+fp/hard\libc_nano.a(libc_a-impure.o)
                0x200000c4                _impure_ptr
 *(.RamFunc)
 *(.RamFunc*)
                0x200000c8                . = ALIGN (0x4)
                0x200000c8                _edata = .
                0x080086f4                _siccmram = LOADADDR (.ccmram)

.tm_clone_table
                0x200000c8        0x0 load address 0x080086f4
 .tm_clone_table
                0x200000c8        0x0 c:/programdata/matlab/supportpackages/r2023b/3p.instrset/gnuarm-armcortex.instrset/win/bin/../lib/gcc/arm-none-eabi/11.3.1/thumb/v7e-m+fp/hard/crtbegin.o
 .tm_clone_table
                0x200000c8        0x0 c:/programdata/matlab/supportpackages/r2023b/3p.instrset/gnuarm-armcortex.instrset/win/bin/../lib/gcc/arm-none-eabi/11.3.1/thumb/v7e-m+fp/hard/crtend.o

.igot.plt       0x200000c8        0x0 load address 0x080086f4
 .igot.plt      0x200000c8        0x0 c:/programdata/matlab/supportpackages/r2023b/3p.instrset/gnuarm-armcortex.instrset/win/bin/../lib/gcc/arm-none-eabi/11.3.1/thumb/v7e-m+fp/hard/crtbegin.o

.ccmram         0x10000000        0x0 load address 0x080086f4
                0x10000000                . = ALIGN (0x4)
                0x10000000                _sccmram = .
 *(.ccmram)
 *(.ccmram*)
                0x10000000                . = ALIGN (0x4)
                0x10000000                _eccmram = .
                0x10000000                . = ALIGN (0x4)

.bss            0x200000c8     0x5298
                0x200000c8                _sbss = .
                0x200000c8                __bss_start__ = _sbss
 *(.bss)
 *(.bss*)
 .bss.completed.1
                0x200000c8        0x1 c:/programdata/matlab/supportpackages/r2023b/3p.instrset/gnuarm-armcortex.instrset/win/bin/../lib/gcc/arm-none-eabi/11.3.1/thumb/v7e-m+fp/hard/crtbegin.o
 *fill*         0x200000c9        0x3 
 .bss.object.0  0x200000cc       0x18 c:/programdata/matlab/supportpackages/r2023b/3p.instrset/gnuarm-armcortex.instrset/win/bin/../lib/gcc/arm-none-eabi/11.3.1/thumb/v7e-m+fp/hard/crtbegin.o
 .bss.stopRequested
                0x200000e4        0x1 ert_main.o
                0x200000e4                stopRequested
 *fill*         0x200000e5        0x3 
 .bss.stopSem   0x200000e8        0x4 ert_main.o
                0x200000e8                stopSem
 .bss.baserateTaskSem
                0x200000ec        0x4 ert_main.o
                0x200000ec                baserateTaskSem
 .bss.subrateTaskSem
                0x200000f0        0x8 ert_main.o
                0x200000f0                subrateTaskSem
 .bss.taskId    0x200000f8        0x8 ert_main.o
                0x200000f8                taskId
 .bss.baseRateThread
                0x20000100       0x1c ert_main.o
                0x20000100                baseRateThread
 .bss.threadJoinStatus
                0x2000011c        0x4 ert_main.o
                0x2000011c                threadJoinStatus
 .bss.terminatingmodel
                0x20000120        0x4 ert_main.o
                0x20000120                terminatingmodel
 .bss.subRateThread
                0x20000124       0x38 ert_main.o
                0x20000124                subRateThread
 .bss.subratePriority
                0x2000015c        0x8 ert_main.o
                0x2000015c                subratePriority
 .bss.vcu_v8_stm32f4_DW
                0x20000164        0xc vcu_v8_stm32f4.o
                0x20000164                vcu_v8_stm32f4_DW
 .bss.vcu_v8_stm32f4_M_
                0x20000170        0x8 vcu_v8_stm32f4.o
 .bss.mw_scheduler_timer_def
                0x20000178       0x20 mw_freertos_init.o
                0x20000178                mw_scheduler_timer_def
 .bss.mw_timer_id
                0x20000198        0x4 mw_freertos_init.o
                0x20000198                mw_timer_id
 .bss.hadc3     0x2000019c       0x48 main.o
                0x2000019c                hadc3
 .bss.hcan1     0x200001e4       0x28 main.o
                0x200001e4                hcan1
 .bss.hcan2     0x2000020c       0x28 main.o
                0x2000020c                hcan2
 .bss.hpcd_USB_OTG_FS
                0x20000234      0x408 main.o
                0x20000234                hpcd_USB_OTG_FS
 .bss.HAL_RCC_CAN1_CLK_ENABLED
                0x2000063c        0x4 stm32f4xx_hal_msp.o
 .bss.htim14    0x20000640       0x48 stm32f4xx_hal_timebase_tim.o
                0x20000640                htim14
 .bss.uwTick    0x20000688        0x4 stm32f4xx_hal.o
                0x20000688                uwTick
 .bss.xQueueRegistry
                0x2000068c       0x40 queue.o
                0x2000068c                xQueueRegistry
 .bss.pxCurrentTCB
                0x200006cc        0x4 tasks.o
                0x200006cc                pxCurrentTCB
 .bss.pxReadyTasksLists
                0x200006d0      0x460 tasks.o
 .bss.xDelayedTaskList1
                0x20000b30       0x14 tasks.o
 .bss.xDelayedTaskList2
                0x20000b44       0x14 tasks.o
 .bss.pxDelayedTaskList
                0x20000b58        0x4 tasks.o
 .bss.pxOverflowDelayedTaskList
                0x20000b5c        0x4 tasks.o
 .bss.xPendingReadyList
                0x20000b60       0x14 tasks.o
 .bss.xTasksWaitingTermination
                0x20000b74       0x14 tasks.o
 .bss.uxDeletedTasksWaitingCleanUp
                0x20000b88        0x4 tasks.o
 .bss.xSuspendedTaskList
                0x20000b8c       0x14 tasks.o
 .bss.uxCurrentNumberOfTasks
                0x20000ba0        0x4 tasks.o
 .bss.xTickCount
                0x20000ba4        0x4 tasks.o
 .bss.uxTopReadyPriority
                0x20000ba8        0x4 tasks.o
 .bss.xSchedulerRunning
                0x20000bac        0x4 tasks.o
 .bss.xPendedTicks
                0x20000bb0        0x4 tasks.o
 .bss.xYieldPending
                0x20000bb4        0x4 tasks.o
 .bss.xNumOfOverflows
                0x20000bb8        0x4 tasks.o
 .bss.uxTaskNumber
                0x20000bbc        0x4 tasks.o
 .bss.xNextTaskUnblockTime
                0x20000bc0        0x4 tasks.o
 .bss.xIdleTaskHandle
                0x20000bc4        0x4 tasks.o
 .bss.uxSchedulerSuspended
                0x20000bc8        0x4 tasks.o
 .bss.xActiveTimerList1
                0x20000bcc       0x14 timers.o
 .bss.xActiveTimerList2
                0x20000be0       0x14 timers.o
 .bss.pxCurrentTimerList
                0x20000bf4        0x4 timers.o
 .bss.pxOverflowTimerList
                0x20000bf8        0x4 timers.o
 .bss.xTimerQueue
                0x20000bfc        0x4 timers.o
 .bss.xTimerTaskHandle
                0x20000c00        0x4 timers.o
 .bss.xLastTime.2
                0x20000c04        0x4 timers.o
 .bss.ucStaticTimerQueueStorage.1
                0x20000c08       0xa0 timers.o
 .bss.xStaticTimerQueue.0
                0x20000ca8       0x50 timers.o
 .bss.Idle_TCB.3
                0x20000cf8      0x180 cmsis_os2.o
 .bss.Idle_Stack.2
                0x20000e78      0x200 cmsis_os2.o
 .bss.Timer_TCB.1
                0x20001078      0x180 cmsis_os2.o
 .bss.Timer_Stack.0
                0x200011f8      0x400 cmsis_os2.o
 .bss.ucHeap    0x200015f8     0x3c00 heap_4.o
 .bss.xStart    0x200051f8        0x8 heap_4.o
 .bss.pxEnd     0x20005200        0x4 heap_4.o
 .bss.xFreeBytesRemaining
                0x20005204        0x4 heap_4.o
 .bss.xMinimumEverFreeBytesRemaining
                0x20005208        0x4 heap_4.o
 .bss.xNumberOfSuccessfulAllocations
                0x2000520c        0x4 heap_4.o
 .bss.xNumberOfSuccessfulFrees
                0x20005210        0x4 heap_4.o
 .bss.xBlockAllocatedBit
                0x20005214        0x4 heap_4.o
 .bss.ucMaxSysCallPriority
                0x20005218        0x1 port.o
 *fill*         0x20005219        0x3 
 .bss.ulMaxPRIGROUPValue
                0x2000521c        0x4 port.o
 .bss.__sf      0x20005220      0x138 c:/programdata/matlab/supportpackages/r2023b/3p.instrset/gnuarm-armcortex.instrset/win/bin/../lib/gcc/arm-none-eabi/11.3.1/thumb/v7e-m+fp/hard\libc_nano.a(libc_a-findfp.o)
                0x20005220                __sf
 .bss.__lock___malloc_recursive_mutex
                0x20005358        0x1 c:/programdata/matlab/supportpackages/r2023b/3p.instrset/gnuarm-armcortex.instrset/win/bin/../lib/gcc/arm-none-eabi/11.3.1/thumb/v7e-m+fp/hard\libc_nano.a(libc_a-lock.o)
                0x20005358                __lock___malloc_recursive_mutex
 *fill*         0x20005359        0x3 
 .bss.__malloc_free_list
                0x2000535c        0x4 c:/programdata/matlab/supportpackages/r2023b/3p.instrset/gnuarm-armcortex.instrset/win/bin/../lib/gcc/arm-none-eabi/11.3.1/thumb/v7e-m+fp/hard\libc_nano.a(libc_a-mallocr.o)
                0x2000535c                __malloc_free_list
 *(COMMON)
                0x20005360                . = ALIGN (0x4)
                0x20005360                _ebss = .
                0x20005360                __bss_end__ = _ebss

._user_heap_stack
                0x20005360      0x600
                0x20005360                . = ALIGN (0x8)
                [!provide]                PROVIDE (end = .)
                0x20005360                PROVIDE (_end = .)
                0x20005560                . = (. + _Min_Heap_Size)
 *fill*         0x20005360      0x200 
                0x20005960                . = (. + _Min_Stack_Size)
 *fill*         0x20005560      0x400 
                0x20005960                . = ALIGN (0x8)

/DISCARD/
 libc.a(*)
 libm.a(*)
 libgcc.a(*)

.ARM.attributes
                0x00000000       0x30
 *(.ARM.attributes)
 .ARM.attributes
                0x00000000       0x1e c:/programdata/matlab/supportpackages/r2023b/3p.instrset/gnuarm-armcortex.instrset/win/bin/../lib/gcc/arm-none-eabi/11.3.1/thumb/v7e-m+fp/hard/crti.o
 .ARM.attributes
                0x0000001e       0x34 c:/programdata/matlab/supportpackages/r2023b/3p.instrset/gnuarm-armcortex.instrset/win/bin/../lib/gcc/arm-none-eabi/11.3.1/thumb/v7e-m+fp/hard/crtbegin.o
 .ARM.attributes
                0x00000052       0x34 ert_main.o
 .ARM.attributes
                0x00000086       0x34 vcu_v8_stm32f4.o
 .ARM.attributes
                0x000000ba       0x34 vcu_v8_stm32f4_data.o
 .ARM.attributes
                0x000000ee       0x34 overrideHALDelay.o
 .ARM.attributes
                0x00000122       0x34 platform_timer.o
 .ARM.attributes
                0x00000156       0x34 mw_freertos_init.o
 .ARM.attributes
                0x0000018a       0x34 mw_thread.o
 .ARM.attributes
                0x000001be       0x34 mw_timer.o
 .ARM.attributes
                0x000001f2       0x34 mw_semaphore.o
 .ARM.attributes
                0x00000226       0x34 main.o
 .ARM.attributes
                0x0000025a       0x34 stm32f4xx_it.o
 .ARM.attributes
                0x0000028e       0x34 stm32f4xx_hal_msp.o
 .ARM.attributes
                0x000002c2       0x34 stm32f4xx_hal_timebase_tim.o
 .ARM.attributes
                0x000002f6       0x34 stm32f4xx_ll_gpio.o
 .ARM.attributes
                0x0000032a       0x34 stm32f4xx_hal_adc.o
 .ARM.attributes
                0x0000035e       0x34 stm32f4xx_hal_rcc.o
 .ARM.attributes
                0x00000392       0x34 stm32f4xx_hal_gpio.o
 .ARM.attributes
                0x000003c6       0x34 stm32f4xx_hal_cortex.o
 .ARM.attributes
                0x000003fa       0x34 stm32f4xx_hal.o
 .ARM.attributes
                0x0000042e       0x34 stm32f4xx_hal_can.o
 .ARM.attributes
                0x00000462       0x34 stm32f4xx_hal_tim.o
 .ARM.attributes
                0x00000496       0x34 stm32f4xx_hal_tim_ex.o
 .ARM.attributes
                0x000004ca       0x34 stm32f4xx_hal_pcd.o
 .ARM.attributes
                0x000004fe       0x34 stm32f4xx_hal_pcd_ex.o
 .ARM.attributes
                0x00000532       0x34 stm32f4xx_ll_usb.o
 .ARM.attributes
                0x00000566       0x34 list.o
 .ARM.attributes
                0x0000059a       0x34 queue.o
 .ARM.attributes
                0x000005ce       0x34 tasks.o
 .ARM.attributes
                0x00000602       0x34 timers.o
 .ARM.attributes
                0x00000636       0x34 cmsis_os2.o
 .ARM.attributes
                0x0000066a       0x34 heap_4.o
 .ARM.attributes
                0x0000069e       0x34 port.o
 .ARM.attributes
                0x000006d2       0x34 system_stm32f4xx.o
 .ARM.attributes
                0x00000706       0x21 startup_stm32f407vetx.o
 .ARM.attributes
                0x00000727       0x1e c:/programdata/matlab/supportpackages/r2023b/3p.instrset/gnuarm-armcortex.instrset/win/bin/../lib/gcc/arm-none-eabi/11.3.1/thumb/v7e-m+fp/hard\libgcc.a(_arm_addsubdf3.o)
 .ARM.attributes
                0x00000745       0x1e c:/programdata/matlab/supportpackages/r2023b/3p.instrset/gnuarm-armcortex.instrset/win/bin/../lib/gcc/arm-none-eabi/11.3.1/thumb/v7e-m+fp/hard\libgcc.a(_arm_cmpdf2.o)
 .ARM.attributes
                0x00000763       0x1e c:/programdata/matlab/supportpackages/r2023b/3p.instrset/gnuarm-armcortex.instrset/win/bin/../lib/gcc/arm-none-eabi/11.3.1/thumb/v7e-m+fp/hard\libgcc.a(_aeabi_uldivmod.o)
 .ARM.attributes
                0x00000781       0x34 c:/programdata/matlab/supportpackages/r2023b/3p.instrset/gnuarm-armcortex.instrset/win/bin/../lib/gcc/arm-none-eabi/11.3.1/thumb/v7e-m+fp/hard\libgcc.a(_udivmoddi4.o)
 .ARM.attributes
                0x000007b5       0x1e c:/programdata/matlab/supportpackages/r2023b/3p.instrset/gnuarm-armcortex.instrset/win/bin/../lib/gcc/arm-none-eabi/11.3.1/thumb/v7e-m+fp/hard\libgcc.a(_dvmd_tls.o)
 .ARM.attributes
                0x000007d3       0x34 c:/programdata/matlab/supportpackages/r2023b/3p.instrset/gnuarm-armcortex.instrset/win/bin/../lib/gcc/arm-none-eabi/11.3.1/thumb/v7e-m+fp/hard\libc_nano.a(libc_a-findfp.o)
 .ARM.attributes
                0x00000807       0x34 c:/programdata/matlab/supportpackages/r2023b/3p.instrset/gnuarm-armcortex.instrset/win/bin/../lib/gcc/arm-none-eabi/11.3.1/thumb/v7e-m+fp/hard\libc_nano.a(libc_a-memset.o)
 .ARM.attributes
                0x0000083b       0x34 c:/programdata/matlab/supportpackages/r2023b/3p.instrset/gnuarm-armcortex.instrset/win/bin/../lib/gcc/arm-none-eabi/11.3.1/thumb/v7e-m+fp/hard\libc_nano.a(libc_a-reent.o)
 .ARM.attributes
                0x0000086f       0x34 c:/programdata/matlab/supportpackages/r2023b/3p.instrset/gnuarm-armcortex.instrset/win/bin/../lib/gcc/arm-none-eabi/11.3.1/thumb/v7e-m+fp/hard\libc_nano.a(libc_a-impure.o)
 .ARM.attributes
                0x000008a3       0x34 c:/programdata/matlab/supportpackages/r2023b/3p.instrset/gnuarm-armcortex.instrset/win/bin/../lib/gcc/arm-none-eabi/11.3.1/thumb/v7e-m+fp/hard\libc_nano.a(libc_a-init.o)
 .ARM.attributes
                0x000008d7       0x34 c:/programdata/matlab/supportpackages/r2023b/3p.instrset/gnuarm-armcortex.instrset/win/bin/../lib/gcc/arm-none-eabi/11.3.1/thumb/v7e-m+fp/hard\libc_nano.a(libc_a-lock.o)
 .ARM.attributes
                0x0000090b       0x34 c:/programdata/matlab/supportpackages/r2023b/3p.instrset/gnuarm-armcortex.instrset/win/bin/../lib/gcc/arm-none-eabi/11.3.1/thumb/v7e-m+fp/hard\libc_nano.a(libc_a-memcpy-stub.o)
 .ARM.attributes
                0x0000093f       0x34 c:/programdata/matlab/supportpackages/r2023b/3p.instrset/gnuarm-armcortex.instrset/win/bin/../lib/gcc/arm-none-eabi/11.3.1/thumb/v7e-m+fp/hard\libc_nano.a(libc_a-freer.o)
 .ARM.attributes
                0x00000973       0x34 c:/programdata/matlab/supportpackages/r2023b/3p.instrset/gnuarm-armcortex.instrset/win/bin/../lib/gcc/arm-none-eabi/11.3.1/thumb/v7e-m+fp/hard\libc_nano.a(libc_a-mallocr.o)
 .ARM.attributes
                0x000009a7       0x34 c:/programdata/matlab/supportpackages/r2023b/3p.instrset/gnuarm-armcortex.instrset/win/bin/../lib/gcc/arm-none-eabi/11.3.1/thumb/v7e-m+fp/hard\libc_nano.a(libc_a-mlock.o)
 .ARM.attributes
                0x000009db       0x34 c:/programdata/matlab/supportpackages/r2023b/3p.instrset/gnuarm-armcortex.instrset/win/bin/../lib/gcc/arm-none-eabi/11.3.1/thumb/v7e-m+fp/hard/crtend.o
 .ARM.attributes
                0x00000a0f       0x1e c:/programdata/matlab/supportpackages/r2023b/3p.instrset/gnuarm-armcortex.instrset/win/bin/../lib/gcc/arm-none-eabi/11.3.1/thumb/v7e-m+fp/hard/crtn.o
OUTPUT(../vcu_v8_stm32f4.elf elf32-littlearm)
LOAD linker stubs
LOAD c:/programdata/matlab/supportpackages/r2023b/3p.instrset/gnuarm-armcortex.instrset/win/bin/../lib/gcc/arm-none-eabi/11.3.1/thumb/v7e-m+fp/hard\libc.a
LOAD c:/programdata/matlab/supportpackages/r2023b/3p.instrset/gnuarm-armcortex.instrset/win/bin/../lib/gcc/arm-none-eabi/11.3.1/thumb/v7e-m+fp/hard\libm.a
LOAD c:/programdata/matlab/supportpackages/r2023b/3p.instrset/gnuarm-armcortex.instrset/win/bin/../lib/gcc/arm-none-eabi/11.3.1/thumb/v7e-m+fp/hard\libgcc.a

.comment        0x00000000       0x33
 .comment       0x00000000       0x33 c:/programdata/matlab/supportpackages/r2023b/3p.instrset/gnuarm-armcortex.instrset/win/bin/../lib/gcc/arm-none-eabi/11.3.1/thumb/v7e-m+fp/hard/crtbegin.o
                                 0x34 (size before relaxing)
 .comment       0x00000033       0x34 ert_main.o
 .comment       0x00000033       0x34 vcu_v8_stm32f4.o
 .comment       0x00000033       0x34 vcu_v8_stm32f4_data.o
 .comment       0x00000033       0x34 overrideHALDelay.o
 .comment       0x00000033       0x34 platform_timer.o
 .comment       0x00000033       0x34 mw_freertos_init.o
 .comment       0x00000033       0x34 mw_thread.o
 .comment       0x00000033       0x34 mw_timer.o
 .comment       0x00000033       0x34 mw_semaphore.o
 .comment       0x00000033       0x34 main.o
 .comment       0x00000033       0x34 stm32f4xx_it.o
 .comment       0x00000033       0x34 stm32f4xx_hal_msp.o
 .comment       0x00000033       0x34 stm32f4xx_hal_timebase_tim.o
 .comment       0x00000033       0x34 stm32f4xx_ll_gpio.o
 .comment       0x00000033       0x34 stm32f4xx_hal_adc.o
 .comment       0x00000033       0x34 stm32f4xx_hal_rcc.o
 .comment       0x00000033       0x34 stm32f4xx_hal_gpio.o
 .comment       0x00000033       0x34 stm32f4xx_hal_cortex.o
 .comment       0x00000033       0x34 stm32f4xx_hal.o
 .comment       0x00000033       0x34 stm32f4xx_hal_can.o
 .comment       0x00000033       0x34 stm32f4xx_hal_tim.o
 .comment       0x00000033       0x34 stm32f4xx_hal_tim_ex.o
 .comment       0x00000033       0x34 stm32f4xx_hal_pcd.o
 .comment       0x00000033       0x34 stm32f4xx_hal_pcd_ex.o
 .comment       0x00000033       0x34 stm32f4xx_ll_usb.o
 .comment       0x00000033       0x34 list.o
 .comment       0x00000033       0x34 queue.o
 .comment       0x00000033       0x34 tasks.o
 .comment       0x00000033       0x34 timers.o
 .comment       0x00000033       0x34 cmsis_os2.o
 .comment       0x00000033       0x34 heap_4.o
 .comment       0x00000033       0x34 port.o
 .comment       0x00000033       0x34 system_stm32f4xx.o
 .comment       0x00000033       0x34 c:/programdata/matlab/supportpackages/r2023b/3p.instrset/gnuarm-armcortex.instrset/win/bin/../lib/gcc/arm-none-eabi/11.3.1/thumb/v7e-m+fp/hard\libgcc.a(_udivmoddi4.o)
 .comment       0x00000033       0x34 c:/programdata/matlab/supportpackages/r2023b/3p.instrset/gnuarm-armcortex.instrset/win/bin/../lib/gcc/arm-none-eabi/11.3.1/thumb/v7e-m+fp/hard\libc_nano.a(libc_a-findfp.o)
 .comment       0x00000033       0x34 c:/programdata/matlab/supportpackages/r2023b/3p.instrset/gnuarm-armcortex.instrset/win/bin/../lib/gcc/arm-none-eabi/11.3.1/thumb/v7e-m+fp/hard\libc_nano.a(libc_a-memset.o)
 .comment       0x00000033       0x34 c:/programdata/matlab/supportpackages/r2023b/3p.instrset/gnuarm-armcortex.instrset/win/bin/../lib/gcc/arm-none-eabi/11.3.1/thumb/v7e-m+fp/hard\libc_nano.a(libc_a-reent.o)
 .comment       0x00000033       0x34 c:/programdata/matlab/supportpackages/r2023b/3p.instrset/gnuarm-armcortex.instrset/win/bin/../lib/gcc/arm-none-eabi/11.3.1/thumb/v7e-m+fp/hard\libc_nano.a(libc_a-impure.o)
 .comment       0x00000033       0x34 c:/programdata/matlab/supportpackages/r2023b/3p.instrset/gnuarm-armcortex.instrset/win/bin/../lib/gcc/arm-none-eabi/11.3.1/thumb/v7e-m+fp/hard\libc_nano.a(libc_a-init.o)
 .comment       0x00000033       0x34 c:/programdata/matlab/supportpackages/r2023b/3p.instrset/gnuarm-armcortex.instrset/win/bin/../lib/gcc/arm-none-eabi/11.3.1/thumb/v7e-m+fp/hard\libc_nano.a(libc_a-lock.o)
 .comment       0x00000033       0x34 c:/programdata/matlab/supportpackages/r2023b/3p.instrset/gnuarm-armcortex.instrset/win/bin/../lib/gcc/arm-none-eabi/11.3.1/thumb/v7e-m+fp/hard\libc_nano.a(libc_a-memcpy-stub.o)
 .comment       0x00000033       0x34 c:/programdata/matlab/supportpackages/r2023b/3p.instrset/gnuarm-armcortex.instrset/win/bin/../lib/gcc/arm-none-eabi/11.3.1/thumb/v7e-m+fp/hard\libc_nano.a(libc_a-freer.o)
 .comment       0x00000033       0x34 c:/programdata/matlab/supportpackages/r2023b/3p.instrset/gnuarm-armcortex.instrset/win/bin/../lib/gcc/arm-none-eabi/11.3.1/thumb/v7e-m+fp/hard\libc_nano.a(libc_a-mallocr.o)
 .comment       0x00000033       0x34 c:/programdata/matlab/supportpackages/r2023b/3p.instrset/gnuarm-armcortex.instrset/win/bin/../lib/gcc/arm-none-eabi/11.3.1/thumb/v7e-m+fp/hard\libc_nano.a(libc_a-mlock.o)
 .comment       0x00000033       0x34 c:/programdata/matlab/supportpackages/r2023b/3p.instrset/gnuarm-armcortex.instrset/win/bin/../lib/gcc/arm-none-eabi/11.3.1/thumb/v7e-m+fp/hard/crtend.o

.debug_line     0x00000000     0x2108
 .debug_line    0x00000000      0x16f c:/programdata/matlab/supportpackages/r2023b/3p.instrset/gnuarm-armcortex.instrset/win/bin/../lib/gcc/arm-none-eabi/11.3.1/thumb/v7e-m+fp/hard\libgcc.a(_arm_addsubdf3.o)
 .debug_line    0x0000016f       0xa6 c:/programdata/matlab/supportpackages/r2023b/3p.instrset/gnuarm-armcortex.instrset/win/bin/../lib/gcc/arm-none-eabi/11.3.1/thumb/v7e-m+fp/hard\libgcc.a(_arm_cmpdf2.o)
 .debug_line    0x00000215       0x4e c:/programdata/matlab/supportpackages/r2023b/3p.instrset/gnuarm-armcortex.instrset/win/bin/../lib/gcc/arm-none-eabi/11.3.1/thumb/v7e-m+fp/hard\libgcc.a(_aeabi_uldivmod.o)
 .debug_line    0x00000263      0x5e5 c:/programdata/matlab/supportpackages/r2023b/3p.instrset/gnuarm-armcortex.instrset/win/bin/../lib/gcc/arm-none-eabi/11.3.1/thumb/v7e-m+fp/hard\libgcc.a(_udivmoddi4.o)
 .debug_line    0x00000848       0x4a c:/programdata/matlab/supportpackages/r2023b/3p.instrset/gnuarm-armcortex.instrset/win/bin/../lib/gcc/arm-none-eabi/11.3.1/thumb/v7e-m+fp/hard\libgcc.a(_dvmd_tls.o)
 .debug_line    0x00000892      0x56b c:/programdata/matlab/supportpackages/r2023b/3p.instrset/gnuarm-armcortex.instrset/win/bin/../lib/gcc/arm-none-eabi/11.3.1/thumb/v7e-m+fp/hard\libc_nano.a(libc_a-findfp.o)
 .debug_line    0x00000dfd      0x176 c:/programdata/matlab/supportpackages/r2023b/3p.instrset/gnuarm-armcortex.instrset/win/bin/../lib/gcc/arm-none-eabi/11.3.1/thumb/v7e-m+fp/hard\libc_nano.a(libc_a-memset.o)
 .debug_line    0x00000f73      0x2dd c:/programdata/matlab/supportpackages/r2023b/3p.instrset/gnuarm-armcortex.instrset/win/bin/../lib/gcc/arm-none-eabi/11.3.1/thumb/v7e-m+fp/hard\libc_nano.a(libc_a-reent.o)
 .debug_line    0x00001250       0xfe c:/programdata/matlab/supportpackages/r2023b/3p.instrset/gnuarm-armcortex.instrset/win/bin/../lib/gcc/arm-none-eabi/11.3.1/thumb/v7e-m+fp/hard\libc_nano.a(libc_a-impure.o)
 .debug_line    0x0000134e      0x17f c:/programdata/matlab/supportpackages/r2023b/3p.instrset/gnuarm-armcortex.instrset/win/bin/../lib/gcc/arm-none-eabi/11.3.1/thumb/v7e-m+fp/hard\libc_nano.a(libc_a-init.o)
 .debug_line    0x000014cd      0x105 c:/programdata/matlab/supportpackages/r2023b/3p.instrset/gnuarm-armcortex.instrset/win/bin/../lib/gcc/arm-none-eabi/11.3.1/thumb/v7e-m+fp/hard\libc_nano.a(libc_a-lock.o)
 .debug_line    0x000015d2      0x191 c:/programdata/matlab/supportpackages/r2023b/3p.instrset/gnuarm-armcortex.instrset/win/bin/../lib/gcc/arm-none-eabi/11.3.1/thumb/v7e-m+fp/hard\libc_nano.a(libc_a-memcpy-stub.o)
 .debug_line    0x00001763      0x30e c:/programdata/matlab/supportpackages/r2023b/3p.instrset/gnuarm-armcortex.instrset/win/bin/../lib/gcc/arm-none-eabi/11.3.1/thumb/v7e-m+fp/hard\libc_nano.a(libc_a-freer.o)
 .debug_line    0x00001a71      0x4b1 c:/programdata/matlab/supportpackages/r2023b/3p.instrset/gnuarm-armcortex.instrset/win/bin/../lib/gcc/arm-none-eabi/11.3.1/thumb/v7e-m+fp/hard\libc_nano.a(libc_a-mallocr.o)
 .debug_line    0x00001f22      0x1e6 c:/programdata/matlab/supportpackages/r2023b/3p.instrset/gnuarm-armcortex.instrset/win/bin/../lib/gcc/arm-none-eabi/11.3.1/thumb/v7e-m+fp/hard\libc_nano.a(libc_a-mlock.o)

.debug_line_str
                0x00000000       0xe2
 .debug_line_str
                0x00000000       0xce c:/programdata/matlab/supportpackages/r2023b/3p.instrset/gnuarm-armcortex.instrset/win/bin/../lib/gcc/arm-none-eabi/11.3.1/thumb/v7e-m+fp/hard\libgcc.a(_arm_addsubdf3.o)
                                 0xdb (size before relaxing)
 .debug_line_str
                0x000000ce       0xdb c:/programdata/matlab/supportpackages/r2023b/3p.instrset/gnuarm-armcortex.instrset/win/bin/../lib/gcc/arm-none-eabi/11.3.1/thumb/v7e-m+fp/hard\libgcc.a(_arm_cmpdf2.o)
 .debug_line_str
                0x000000ce        0x8 c:/programdata/matlab/supportpackages/r2023b/3p.instrset/gnuarm-armcortex.instrset/win/bin/../lib/gcc/arm-none-eabi/11.3.1/thumb/v7e-m+fp/hard\libgcc.a(_aeabi_uldivmod.o)
                                 0xd1 (size before relaxing)
 .debug_line_str
                0x000000d6        0xc c:/programdata/matlab/supportpackages/r2023b/3p.instrset/gnuarm-armcortex.instrset/win/bin/../lib/gcc/arm-none-eabi/11.3.1/thumb/v7e-m+fp/hard\libgcc.a(_dvmd_tls.o)
                                 0xd9 (size before relaxing)

.debug_info     0x00000000     0x44f0
 .debug_info    0x00000000       0x25 c:/programdata/matlab/supportpackages/r2023b/3p.instrset/gnuarm-armcortex.instrset/win/bin/../lib/gcc/arm-none-eabi/11.3.1/thumb/v7e-m+fp/hard\libgcc.a(_arm_addsubdf3.o)
 .debug_info    0x00000025       0x25 c:/programdata/matlab/supportpackages/r2023b/3p.instrset/gnuarm-armcortex.instrset/win/bin/../lib/gcc/arm-none-eabi/11.3.1/thumb/v7e-m+fp/hard\libgcc.a(_arm_cmpdf2.o)
 .debug_info    0x0000004a       0x24 c:/programdata/matlab/supportpackages/r2023b/3p.instrset/gnuarm-armcortex.instrset/win/bin/../lib/gcc/arm-none-eabi/11.3.1/thumb/v7e-m+fp/hard\libgcc.a(_aeabi_uldivmod.o)
 .debug_info    0x0000006e      0x6e3 c:/programdata/matlab/supportpackages/r2023b/3p.instrset/gnuarm-armcortex.instrset/win/bin/../lib/gcc/arm-none-eabi/11.3.1/thumb/v7e-m+fp/hard\libgcc.a(_udivmoddi4.o)
 .debug_info    0x00000751       0x24 c:/programdata/matlab/supportpackages/r2023b/3p.instrset/gnuarm-armcortex.instrset/win/bin/../lib/gcc/arm-none-eabi/11.3.1/thumb/v7e-m+fp/hard\libgcc.a(_dvmd_tls.o)
 .debug_info    0x00000775      0xf8f c:/programdata/matlab/supportpackages/r2023b/3p.instrset/gnuarm-armcortex.instrset/win/bin/../lib/gcc/arm-none-eabi/11.3.1/thumb/v7e-m+fp/hard\libc_nano.a(libc_a-findfp.o)
 .debug_info    0x00001704       0xe0 c:/programdata/matlab/supportpackages/r2023b/3p.instrset/gnuarm-armcortex.instrset/win/bin/../lib/gcc/arm-none-eabi/11.3.1/thumb/v7e-m+fp/hard\libc_nano.a(libc_a-memset.o)
 .debug_info    0x000017e4      0x858 c:/programdata/matlab/supportpackages/r2023b/3p.instrset/gnuarm-armcortex.instrset/win/bin/../lib/gcc/arm-none-eabi/11.3.1/thumb/v7e-m+fp/hard\libc_nano.a(libc_a-reent.o)
 .debug_info    0x0000203c      0x714 c:/programdata/matlab/supportpackages/r2023b/3p.instrset/gnuarm-armcortex.instrset/win/bin/../lib/gcc/arm-none-eabi/11.3.1/thumb/v7e-m+fp/hard\libc_nano.a(libc_a-impure.o)
 .debug_info    0x00002750      0x10b c:/programdata/matlab/supportpackages/r2023b/3p.instrset/gnuarm-armcortex.instrset/win/bin/../lib/gcc/arm-none-eabi/11.3.1/thumb/v7e-m+fp/hard\libc_nano.a(libc_a-init.o)
 .debug_info    0x0000285b      0x20a c:/programdata/matlab/supportpackages/r2023b/3p.instrset/gnuarm-armcortex.instrset/win/bin/../lib/gcc/arm-none-eabi/11.3.1/thumb/v7e-m+fp/hard\libc_nano.a(libc_a-lock.o)
 .debug_info    0x00002a65      0x121 c:/programdata/matlab/supportpackages/r2023b/3p.instrset/gnuarm-armcortex.instrset/win/bin/../lib/gcc/arm-none-eabi/11.3.1/thumb/v7e-m+fp/hard\libc_nano.a(libc_a-memcpy-stub.o)
 .debug_info    0x00002b86      0x845 c:/programdata/matlab/supportpackages/r2023b/3p.instrset/gnuarm-armcortex.instrset/win/bin/../lib/gcc/arm-none-eabi/11.3.1/thumb/v7e-m+fp/hard\libc_nano.a(libc_a-freer.o)
 .debug_info    0x000033cb      0x9bb c:/programdata/matlab/supportpackages/r2023b/3p.instrset/gnuarm-armcortex.instrset/win/bin/../lib/gcc/arm-none-eabi/11.3.1/thumb/v7e-m+fp/hard\libc_nano.a(libc_a-mallocr.o)
 .debug_info    0x00003d86      0x76a c:/programdata/matlab/supportpackages/r2023b/3p.instrset/gnuarm-armcortex.instrset/win/bin/../lib/gcc/arm-none-eabi/11.3.1/thumb/v7e-m+fp/hard\libc_nano.a(libc_a-mlock.o)

.debug_abbrev   0x00000000     0x1288
 .debug_abbrev  0x00000000       0x14 c:/programdata/matlab/supportpackages/r2023b/3p.instrset/gnuarm-armcortex.instrset/win/bin/../lib/gcc/arm-none-eabi/11.3.1/thumb/v7e-m+fp/hard\libgcc.a(_arm_addsubdf3.o)
 .debug_abbrev  0x00000014       0x14 c:/programdata/matlab/supportpackages/r2023b/3p.instrset/gnuarm-armcortex.instrset/win/bin/../lib/gcc/arm-none-eabi/11.3.1/thumb/v7e-m+fp/hard\libgcc.a(_arm_cmpdf2.o)
 .debug_abbrev  0x00000028       0x14 c:/programdata/matlab/supportpackages/r2023b/3p.instrset/gnuarm-armcortex.instrset/win/bin/../lib/gcc/arm-none-eabi/11.3.1/thumb/v7e-m+fp/hard\libgcc.a(_aeabi_uldivmod.o)
 .debug_abbrev  0x0000003c      0x16a c:/programdata/matlab/supportpackages/r2023b/3p.instrset/gnuarm-armcortex.instrset/win/bin/../lib/gcc/arm-none-eabi/11.3.1/thumb/v7e-m+fp/hard\libgcc.a(_udivmoddi4.o)
 .debug_abbrev  0x000001a6       0x14 c:/programdata/matlab/supportpackages/r2023b/3p.instrset/gnuarm-armcortex.instrset/win/bin/../lib/gcc/arm-none-eabi/11.3.1/thumb/v7e-m+fp/hard\libgcc.a(_dvmd_tls.o)
 .debug_abbrev  0x000001ba      0x40c c:/programdata/matlab/supportpackages/r2023b/3p.instrset/gnuarm-armcortex.instrset/win/bin/../lib/gcc/arm-none-eabi/11.3.1/thumb/v7e-m+fp/hard\libc_nano.a(libc_a-findfp.o)
 .debug_abbrev  0x000005c6       0x9e c:/programdata/matlab/supportpackages/r2023b/3p.instrset/gnuarm-armcortex.instrset/win/bin/../lib/gcc/arm-none-eabi/11.3.1/thumb/v7e-m+fp/hard\libc_nano.a(libc_a-memset.o)
 .debug_abbrev  0x00000664      0x1f8 c:/programdata/matlab/supportpackages/r2023b/3p.instrset/gnuarm-armcortex.instrset/win/bin/../lib/gcc/arm-none-eabi/11.3.1/thumb/v7e-m+fp/hard\libc_nano.a(libc_a-reent.o)
 .debug_abbrev  0x0000085c      0x149 c:/programdata/matlab/supportpackages/r2023b/3p.instrset/gnuarm-armcortex.instrset/win/bin/../lib/gcc/arm-none-eabi/11.3.1/thumb/v7e-m+fp/hard\libc_nano.a(libc_a-impure.o)
 .debug_abbrev  0x000009a5       0xc9 c:/programdata/matlab/supportpackages/r2023b/3p.instrset/gnuarm-armcortex.instrset/win/bin/../lib/gcc/arm-none-eabi/11.3.1/thumb/v7e-m+fp/hard\libc_nano.a(libc_a-init.o)
 .debug_abbrev  0x00000a6e      0x115 c:/programdata/matlab/supportpackages/r2023b/3p.instrset/gnuarm-armcortex.instrset/win/bin/../lib/gcc/arm-none-eabi/11.3.1/thumb/v7e-m+fp/hard\libc_nano.a(libc_a-lock.o)
 .debug_abbrev  0x00000b83       0xc1 c:/programdata/matlab/supportpackages/r2023b/3p.instrset/gnuarm-armcortex.instrset/win/bin/../lib/gcc/arm-none-eabi/11.3.1/thumb/v7e-m+fp/hard\libc_nano.a(libc_a-memcpy-stub.o)
 .debug_abbrev  0x00000c44      0x23b c:/programdata/matlab/supportpackages/r2023b/3p.instrset/gnuarm-armcortex.instrset/win/bin/../lib/gcc/arm-none-eabi/11.3.1/thumb/v7e-m+fp/hard\libc_nano.a(libc_a-freer.o)
 .debug_abbrev  0x00000e7f      0x24a c:/programdata/matlab/supportpackages/r2023b/3p.instrset/gnuarm-armcortex.instrset/win/bin/../lib/gcc/arm-none-eabi/11.3.1/thumb/v7e-m+fp/hard\libc_nano.a(libc_a-mallocr.o)
 .debug_abbrev  0x000010c9      0x1bf c:/programdata/matlab/supportpackages/r2023b/3p.instrset/gnuarm-armcortex.instrset/win/bin/../lib/gcc/arm-none-eabi/11.3.1/thumb/v7e-m+fp/hard\libc_nano.a(libc_a-mlock.o)

.debug_aranges  0x00000000      0x248
 .debug_aranges
                0x00000000       0x20 c:/programdata/matlab/supportpackages/r2023b/3p.instrset/gnuarm-armcortex.instrset/win/bin/../lib/gcc/arm-none-eabi/11.3.1/thumb/v7e-m+fp/hard\libgcc.a(_arm_addsubdf3.o)
 .debug_aranges
                0x00000020       0x20 c:/programdata/matlab/supportpackages/r2023b/3p.instrset/gnuarm-armcortex.instrset/win/bin/../lib/gcc/arm-none-eabi/11.3.1/thumb/v7e-m+fp/hard\libgcc.a(_arm_cmpdf2.o)
 .debug_aranges
                0x00000040       0x20 c:/programdata/matlab/supportpackages/r2023b/3p.instrset/gnuarm-armcortex.instrset/win/bin/../lib/gcc/arm-none-eabi/11.3.1/thumb/v7e-m+fp/hard\libgcc.a(_aeabi_uldivmod.o)
 .debug_aranges
                0x00000060       0x20 c:/programdata/matlab/supportpackages/r2023b/3p.instrset/gnuarm-armcortex.instrset/win/bin/../lib/gcc/arm-none-eabi/11.3.1/thumb/v7e-m+fp/hard\libgcc.a(_udivmoddi4.o)
 .debug_aranges
                0x00000080       0x20 c:/programdata/matlab/supportpackages/r2023b/3p.instrset/gnuarm-armcortex.instrset/win/bin/../lib/gcc/arm-none-eabi/11.3.1/thumb/v7e-m+fp/hard\libgcc.a(_dvmd_tls.o)
 .debug_aranges
                0x000000a0       0x78 c:/programdata/matlab/supportpackages/r2023b/3p.instrset/gnuarm-armcortex.instrset/win/bin/../lib/gcc/arm-none-eabi/11.3.1/thumb/v7e-m+fp/hard\libc_nano.a(libc_a-findfp.o)
 .debug_aranges
                0x00000118       0x20 c:/programdata/matlab/supportpackages/r2023b/3p.instrset/gnuarm-armcortex.instrset/win/bin/../lib/gcc/arm-none-eabi/11.3.1/thumb/v7e-m+fp/hard\libc_nano.a(libc_a-memset.o)
 .debug_aranges
                0x00000138       0x20 c:/programdata/matlab/supportpackages/r2023b/3p.instrset/gnuarm-armcortex.instrset/win/bin/../lib/gcc/arm-none-eabi/11.3.1/thumb/v7e-m+fp/hard\libc_nano.a(libc_a-reent.o)
 .debug_aranges
                0x00000158       0x18 c:/programdata/matlab/supportpackages/r2023b/3p.instrset/gnuarm-armcortex.instrset/win/bin/../lib/gcc/arm-none-eabi/11.3.1/thumb/v7e-m+fp/hard\libc_nano.a(libc_a-impure.o)
 .debug_aranges
                0x00000170       0x20 c:/programdata/matlab/supportpackages/r2023b/3p.instrset/gnuarm-armcortex.instrset/win/bin/../lib/gcc/arm-none-eabi/11.3.1/thumb/v7e-m+fp/hard\libc_nano.a(libc_a-init.o)
 .debug_aranges
                0x00000190       0x28 c:/programdata/matlab/supportpackages/r2023b/3p.instrset/gnuarm-armcortex.instrset/win/bin/../lib/gcc/arm-none-eabi/11.3.1/thumb/v7e-m+fp/hard\libc_nano.a(libc_a-lock.o)
 .debug_aranges
                0x000001b8       0x20 c:/programdata/matlab/supportpackages/r2023b/3p.instrset/gnuarm-armcortex.instrset/win/bin/../lib/gcc/arm-none-eabi/11.3.1/thumb/v7e-m+fp/hard\libc_nano.a(libc_a-memcpy-stub.o)
 .debug_aranges
                0x000001d8       0x20 c:/programdata/matlab/supportpackages/r2023b/3p.instrset/gnuarm-armcortex.instrset/win/bin/../lib/gcc/arm-none-eabi/11.3.1/thumb/v7e-m+fp/hard\libc_nano.a(libc_a-freer.o)
 .debug_aranges
                0x000001f8       0x28 c:/programdata/matlab/supportpackages/r2023b/3p.instrset/gnuarm-armcortex.instrset/win/bin/../lib/gcc/arm-none-eabi/11.3.1/thumb/v7e-m+fp/hard\libc_nano.a(libc_a-mallocr.o)
 .debug_aranges
                0x00000220       0x28 c:/programdata/matlab/supportpackages/r2023b/3p.instrset/gnuarm-armcortex.instrset/win/bin/../lib/gcc/arm-none-eabi/11.3.1/thumb/v7e-m+fp/hard\libc_nano.a(libc_a-mlock.o)

.debug_str      0x00000000     0x1447
 .debug_str     0x00000000       0xda c:/programdata/matlab/supportpackages/r2023b/3p.instrset/gnuarm-armcortex.instrset/win/bin/../lib/gcc/arm-none-eabi/11.3.1/thumb/v7e-m+fp/hard\libgcc.a(_arm_addsubdf3.o)
 .debug_str     0x000000da       0xda c:/programdata/matlab/supportpackages/r2023b/3p.instrset/gnuarm-armcortex.instrset/win/bin/../lib/gcc/arm-none-eabi/11.3.1/thumb/v7e-m+fp/hard\libgcc.a(_arm_cmpdf2.o)
 .debug_str     0x000000da       0x4f c:/programdata/matlab/supportpackages/r2023b/3p.instrset/gnuarm-armcortex.instrset/win/bin/../lib/gcc/arm-none-eabi/11.3.1/thumb/v7e-m+fp/hard\libgcc.a(_aeabi_uldivmod.o)
                                 0xd5 (size before relaxing)
 .debug_str     0x00000129      0x5f1 c:/programdata/matlab/supportpackages/r2023b/3p.instrset/gnuarm-armcortex.instrset/win/bin/../lib/gcc/arm-none-eabi/11.3.1/thumb/v7e-m+fp/hard\libgcc.a(_udivmoddi4.o)
                                0x6a4 (size before relaxing)
 .debug_str     0x0000071a       0x53 c:/programdata/matlab/supportpackages/r2023b/3p.instrset/gnuarm-armcortex.instrset/win/bin/../lib/gcc/arm-none-eabi/11.3.1/thumb/v7e-m+fp/hard\libgcc.a(_dvmd_tls.o)
                                 0xd9 (size before relaxing)
 .debug_str     0x0000076d      0x699 c:/programdata/matlab/supportpackages/r2023b/3p.instrset/gnuarm-armcortex.instrset/win/bin/../lib/gcc/arm-none-eabi/11.3.1/thumb/v7e-m+fp/hard\libc_nano.a(libc_a-findfp.o)
                                0x7af (size before relaxing)
 .debug_str     0x00000e06       0x5b c:/programdata/matlab/supportpackages/r2023b/3p.instrset/gnuarm-armcortex.instrset/win/bin/../lib/gcc/arm-none-eabi/11.3.1/thumb/v7e-m+fp/hard\libc_nano.a(libc_a-memset.o)
                                0x20c (size before relaxing)
 .debug_str     0x00000e61       0x8c c:/programdata/matlab/supportpackages/r2023b/3p.instrset/gnuarm-armcortex.instrset/win/bin/../lib/gcc/arm-none-eabi/11.3.1/thumb/v7e-m+fp/hard\libc_nano.a(libc_a-reent.o)
                                0x54b (size before relaxing)
 .debug_str     0x00000eed       0x5a c:/programdata/matlab/supportpackages/r2023b/3p.instrset/gnuarm-armcortex.instrset/win/bin/../lib/gcc/arm-none-eabi/11.3.1/thumb/v7e-m+fp/hard\libc_nano.a(libc_a-impure.o)
                                0x52c (size before relaxing)
 .debug_str     0x00000f47       0xb7 c:/programdata/matlab/supportpackages/r2023b/3p.instrset/gnuarm-armcortex.instrset/win/bin/../lib/gcc/arm-none-eabi/11.3.1/thumb/v7e-m+fp/hard\libc_nano.a(libc_a-init.o)
                                0x26d (size before relaxing)
 .debug_str     0x00000ffe      0x1d8 c:/programdata/matlab/supportpackages/r2023b/3p.instrset/gnuarm-armcortex.instrset/win/bin/../lib/gcc/arm-none-eabi/11.3.1/thumb/v7e-m+fp/hard\libc_nano.a(libc_a-lock.o)
                                0x37f (size before relaxing)
 .debug_str     0x000011d6       0x80 c:/programdata/matlab/supportpackages/r2023b/3p.instrset/gnuarm-armcortex.instrset/win/bin/../lib/gcc/arm-none-eabi/11.3.1/thumb/v7e-m+fp/hard\libc_nano.a(libc_a-memcpy-stub.o)
                                0x22a (size before relaxing)
 .debug_str     0x00001256       0xd4 c:/programdata/matlab/supportpackages/r2023b/3p.instrset/gnuarm-armcortex.instrset/win/bin/../lib/gcc/arm-none-eabi/11.3.1/thumb/v7e-m+fp/hard\libc_nano.a(libc_a-freer.o)
                                0x5ac (size before relaxing)
 .debug_str     0x0000132a       0xc3 c:/programdata/matlab/supportpackages/r2023b/3p.instrset/gnuarm-armcortex.instrset/win/bin/../lib/gcc/arm-none-eabi/11.3.1/thumb/v7e-m+fp/hard\libc_nano.a(libc_a-mallocr.o)
                                0x60d (size before relaxing)
 .debug_str     0x000013ed       0x5a c:/programdata/matlab/supportpackages/r2023b/3p.instrset/gnuarm-armcortex.instrset/win/bin/../lib/gcc/arm-none-eabi/11.3.1/thumb/v7e-m+fp/hard\libc_nano.a(libc_a-mlock.o)
                                0x5ae (size before relaxing)

.debug_frame    0x00000000      0x51c
 .debug_frame   0x00000000       0xac c:/programdata/matlab/supportpackages/r2023b/3p.instrset/gnuarm-armcortex.instrset/win/bin/../lib/gcc/arm-none-eabi/11.3.1/thumb/v7e-m+fp/hard\libgcc.a(_arm_addsubdf3.o)
 .debug_frame   0x000000ac       0xc4 c:/programdata/matlab/supportpackages/r2023b/3p.instrset/gnuarm-armcortex.instrset/win/bin/../lib/gcc/arm-none-eabi/11.3.1/thumb/v7e-m+fp/hard\libgcc.a(_arm_cmpdf2.o)
 .debug_frame   0x00000170       0x2c c:/programdata/matlab/supportpackages/r2023b/3p.instrset/gnuarm-armcortex.instrset/win/bin/../lib/gcc/arm-none-eabi/11.3.1/thumb/v7e-m+fp/hard\libgcc.a(_aeabi_uldivmod.o)
 .debug_frame   0x0000019c       0x34 c:/programdata/matlab/supportpackages/r2023b/3p.instrset/gnuarm-armcortex.instrset/win/bin/../lib/gcc/arm-none-eabi/11.3.1/thumb/v7e-m+fp/hard\libgcc.a(_udivmoddi4.o)
 .debug_frame   0x000001d0      0x13c c:/programdata/matlab/supportpackages/r2023b/3p.instrset/gnuarm-armcortex.instrset/win/bin/../lib/gcc/arm-none-eabi/11.3.1/thumb/v7e-m+fp/hard\libc_nano.a(libc_a-findfp.o)
 .debug_frame   0x0000030c       0x20 c:/programdata/matlab/supportpackages/r2023b/3p.instrset/gnuarm-armcortex.instrset/win/bin/../lib/gcc/arm-none-eabi/11.3.1/thumb/v7e-m+fp/hard\libc_nano.a(libc_a-memset.o)
 .debug_frame   0x0000032c       0x38 c:/programdata/matlab/supportpackages/r2023b/3p.instrset/gnuarm-armcortex.instrset/win/bin/../lib/gcc/arm-none-eabi/11.3.1/thumb/v7e-m+fp/hard\libc_nano.a(libc_a-reent.o)
 .debug_frame   0x00000364       0x2c c:/programdata/matlab/supportpackages/r2023b/3p.instrset/gnuarm-armcortex.instrset/win/bin/../lib/gcc/arm-none-eabi/11.3.1/thumb/v7e-m+fp/hard\libc_nano.a(libc_a-init.o)
 .debug_frame   0x00000390       0xb0 c:/programdata/matlab/supportpackages/r2023b/3p.instrset/gnuarm-armcortex.instrset/win/bin/../lib/gcc/arm-none-eabi/11.3.1/thumb/v7e-m+fp/hard\libc_nano.a(libc_a-lock.o)
 .debug_frame   0x00000440       0x28 c:/programdata/matlab/supportpackages/r2023b/3p.instrset/gnuarm-armcortex.instrset/win/bin/../lib/gcc/arm-none-eabi/11.3.1/thumb/v7e-m+fp/hard\libc_nano.a(libc_a-memcpy-stub.o)
 .debug_frame   0x00000468       0x38 c:/programdata/matlab/supportpackages/r2023b/3p.instrset/gnuarm-armcortex.instrset/win/bin/../lib/gcc/arm-none-eabi/11.3.1/thumb/v7e-m+fp/hard\libc_nano.a(libc_a-freer.o)
 .debug_frame   0x000004a0       0x4c c:/programdata/matlab/supportpackages/r2023b/3p.instrset/gnuarm-armcortex.instrset/win/bin/../lib/gcc/arm-none-eabi/11.3.1/thumb/v7e-m+fp/hard\libc_nano.a(libc_a-mallocr.o)
 .debug_frame   0x000004ec       0x30 c:/programdata/matlab/supportpackages/r2023b/3p.instrset/gnuarm-armcortex.instrset/win/bin/../lib/gcc/arm-none-eabi/11.3.1/thumb/v7e-m+fp/hard\libc_nano.a(libc_a-mlock.o)

.debug_loclists
                0x00000000     0x1262
 .debug_loclists
                0x00000000      0xb0f c:/programdata/matlab/supportpackages/r2023b/3p.instrset/gnuarm-armcortex.instrset/win/bin/../lib/gcc/arm-none-eabi/11.3.1/thumb/v7e-m+fp/hard\libgcc.a(_udivmoddi4.o)
 .debug_loclists
                0x00000b0f      0x237 c:/programdata/matlab/supportpackages/r2023b/3p.instrset/gnuarm-armcortex.instrset/win/bin/../lib/gcc/arm-none-eabi/11.3.1/thumb/v7e-m+fp/hard\libc_nano.a(libc_a-findfp.o)
 .debug_loclists
                0x00000d46       0x47 c:/programdata/matlab/supportpackages/r2023b/3p.instrset/gnuarm-armcortex.instrset/win/bin/../lib/gcc/arm-none-eabi/11.3.1/thumb/v7e-m+fp/hard\libc_nano.a(libc_a-memset.o)
 .debug_loclists
                0x00000d8d       0x7d c:/programdata/matlab/supportpackages/r2023b/3p.instrset/gnuarm-armcortex.instrset/win/bin/../lib/gcc/arm-none-eabi/11.3.1/thumb/v7e-m+fp/hard\libc_nano.a(libc_a-reent.o)
 .debug_loclists
                0x00000e0a       0x44 c:/programdata/matlab/supportpackages/r2023b/3p.instrset/gnuarm-armcortex.instrset/win/bin/../lib/gcc/arm-none-eabi/11.3.1/thumb/v7e-m+fp/hard\libc_nano.a(libc_a-init.o)
 .debug_loclists